✔ generator check and exact manifest closure (6911.8847ms)
✔ all schemas compile strictly and product instances validate (840.6597ms)
✔ conformance rejects wrong partitions, duplicate coordinates, and incomplete absence records (34379.8791ms)
✔ every abstract durable row is complete and validates against its exact product-row schema (618.0889ms)
✔ event mutation is append-only and advances the product event chain, committed head, and anchor atomically (125.9095ms)
✔ each RETENTION vector proves its distinct V5 qualification, policy, sweep, deletion, batch, crash, and restore semantics (125.9437ms)
✔ operation, schema-ref, tool, error and vector inventories are exact (91.847ms)
✔ every canonical fixture request validates against its declared exact operation schema (216.3367ms)
✔ request and activity rows bind exact request bytes and complete-success result bytes (253.3603ms)
✔ Q21 and Q22 fixture embodiment has exact closed shape, lineage, aliases and counts (195.7191ms)
✔ fixture wire bytes and every exposed digest are independently reproducible (615.1591ms)
✔ every exposed fixture-domain derivation uses an authorized V15 tag and its exact unprefixed preimage (1173.8653ms)
✔ declared mutation sets are canonical and equal the actual durable and physical diff (298.6026ms)
✔ global-event and observed-sink cross-products are exact (125.8764ms)
✔ redaction schema negatives have no response and serializer/sink cases stay closed and unique (130.2279ms)
✔ all RESTORE cases carry exact recovery, publication, invalidation, and physical disposition evidence (175.3118ms)
✔ Q17, Q18, mapping.add and restart-stale cursor semantics are exact (141.3021ms)
✔ session auth-epoch admission and closed-session reuse fail before durable request creation (111.6206ms)
✔ cursor continuations are non-null, REQUEST cases are durable, and RSR prestates remain distinct (122.8292ms)
✔ credential and entropy oracles implement the exact RATE, GLOBAL-EVENT, and COLLISION programs (110.3837ms)
✔ all seven credential-auth non-enumeration cases charge only the exact auth-failure buckets (110.432ms)
✔ all nine BACKUP leaves bind verification, protected manifest, temporary deletion, publication, and replay semantics (114.9323ms)
✔ all 22 credential issue/rotate leaves bind product credentials, receipts, handoff dispositions, replay, sessions, and stale work (116.4566ms)
✔ all 20 non-Q18 RACE leaves prove their distinct final-gate, competing mutation, crash cut, wire, and product-row effects (246.5429ms)
✔ all 39 BOOTSTRAP leaves use the ratified product-state vocabulary and prove distinct source, plan, handoff, publication, and recovery semantics (143.8445ms)
✔ all seven TIMESTAMP leaves validate distinct exact inputs at the schema, range, or Gregorian stage (114.4823ms)
✔ all 37 ACTIVITY metadata leaves bind the exact metadata value, key count, byte count, and persistence outcome (127.4634ms)
✔ all 18 policy/dependency/transport leaves prove their exact reasons, ordered decisions, traces, boundary, and persistence (116.4751ms)
✔ collision candidates bind an existing owning product row and never commit (119.2937ms)
✔ Q23 rational accumulator is integer exact and restart preserving (118.2334ms)
✔ canonical identifiers, cursors, bootstrap and secret results fail closed (76.2515ms)
✔ two fresh roots, execution-backed receipts, and deterministic tar are valid (72034.7233ms)
✔ diff is all-and-only allowed and protected paths are byte-identical (52.7021ms)
✔ generated and qualification inputs contain no secret material (98.3988ms)
✔ hosted workflow freezes all-and-only 11 jobs and artifacts (4.1397ms)
ℹ tests 35
ℹ suites 0
ℹ pass 35
ℹ fail 0
ℹ cancelled 0
ℹ skipped 0
ℹ todo 0
ℹ duration_ms 120514.1344
