✔ generator check and exact manifest closure (4709.092083ms)
✔ all schemas compile strictly and product instances validate (809.663541ms)
✔ conformance rejects wrong partitions, duplicate coordinates, and incomplete absence records (38283.017959ms)
✔ every abstract durable row is complete and validates against its exact product-row schema (714.020416ms)
✔ event mutation is append-only and advances the product event chain, committed head, and anchor atomically (163.462625ms)
✔ each RETENTION vector proves its distinct V5 qualification, policy, sweep, deletion, batch, crash, and restore semantics (154.624958ms)
✔ operation, schema-ref, tool, error and vector inventories are exact (112.83ms)
✔ every canonical fixture request validates against its declared exact operation schema (208.740334ms)
✔ request and activity rows bind exact request bytes and complete-success result bytes (209.571916ms)
✔ Q21 and Q22 fixture embodiment has exact closed shape, lineage, aliases and counts (169.092417ms)
✔ fixture wire bytes and every exposed digest are independently reproducible (527.752167ms)
✔ every exposed fixture-domain derivation uses an authorized V15 tag and its exact unprefixed preimage (1187.45625ms)
✔ declared mutation sets are canonical and equal the actual durable and physical diff (248.672292ms)
✔ global-event and observed-sink cross-products are exact (112.201292ms)
✔ redaction schema negatives have no response and serializer/sink cases stay closed and unique (99.706625ms)
✔ all RESTORE cases carry exact recovery, publication, invalidation, and physical disposition evidence (185.363583ms)
✔ Q17, Q18, mapping.add and restart-stale cursor semantics are exact (131.400708ms)
✔ session auth-epoch admission and closed-session reuse fail before durable request creation (96.338875ms)
✔ cursor continuations are non-null, REQUEST cases are durable, and RSR prestates remain distinct (119.063708ms)
✔ credential and entropy oracles implement the exact RATE, GLOBAL-EVENT, and COLLISION programs (137.490458ms)
✔ all seven credential-auth non-enumeration cases charge only the exact auth-failure buckets (127.500292ms)
✔ all nine BACKUP leaves bind verification, protected manifest, temporary deletion, publication, and replay semantics (144.669375ms)
✔ all 22 credential issue/rotate leaves bind product credentials, receipts, handoff dispositions, replay, sessions, and stale work (131.317042ms)
✔ all 20 non-Q18 RACE leaves prove their distinct final-gate, competing mutation, crash cut, wire, and product-row effects (242.80825ms)
✔ all 39 BOOTSTRAP leaves use the ratified product-state vocabulary and prove distinct source, plan, handoff, publication, and recovery semantics (165.554541ms)
✔ all seven TIMESTAMP leaves validate distinct exact inputs at the schema, range, or Gregorian stage (104.903ms)
✔ all 37 ACTIVITY metadata leaves bind the exact metadata value, key count, byte count, and persistence outcome (265.823167ms)
✔ all 18 policy/dependency/transport leaves prove their exact reasons, ordered decisions, traces, boundary, and persistence (93.036917ms)
✔ collision candidates bind an existing owning product row and never commit (117.439208ms)
✔ Q23 rational accumulator is integer exact and restart preserving (130.25475ms)
✔ canonical identifiers, cursors, bootstrap and secret results fail closed (127.323ms)
✔ two fresh roots, execution-backed receipts, and deterministic tar are valid (54525.045541ms)
✔ diff is all-and-only allowed and protected paths are byte-identical (131.952084ms)
✔ generated and qualification inputs contain no secret material (178.076167ms)
✔ hosted workflow freezes all-and-only 11 jobs and artifacts (10.151333ms)
ℹ tests 35
ℹ suites 0
ℹ pass 35
ℹ fail 0
ℹ cancelled 0
ℹ skipped 0
ℹ todo 0
ℹ duration_ms 104995.158875
