✔ generator check and exact manifest closure (5520.691084ms)
✔ all schemas compile strictly and product instances validate (943.443583ms)
✔ conformance rejects wrong partitions, duplicate coordinates, and incomplete absence records (36020.655375ms)
✔ every abstract durable row is complete and validates against its exact product-row schema (635.281458ms)
✔ event mutation is append-only and advances the product event chain, committed head, and anchor atomically (99.13425ms)
✔ each RETENTION vector proves its distinct V5 qualification, policy, sweep, deletion, batch, crash, and restore semantics (102.564208ms)
✔ operation, schema-ref, tool, error and vector inventories are exact (53.33625ms)
✔ every canonical fixture request validates against its declared exact operation schema (157.699542ms)
✔ request and activity rows bind exact request bytes and complete-success result bytes (140.941916ms)
✔ Q21 and Q22 fixture embodiment has exact closed shape, lineage, aliases and counts (219.458625ms)
✔ fixture wire bytes and every exposed digest are independently reproducible (519.790125ms)
✔ every exposed fixture-domain derivation uses an authorized V15 tag and its exact unprefixed preimage (799.167625ms)
✔ declared mutation sets are canonical and equal the actual durable and physical diff (199.305334ms)
✔ global-event and observed-sink cross-products are exact (81.345667ms)
✔ redaction schema negatives have no response and serializer/sink cases stay closed and unique (80.267792ms)
✔ all RESTORE cases carry exact recovery, publication, invalidation, and physical disposition evidence (112.0345ms)
✔ Q17, Q18, mapping.add and restart-stale cursor semantics are exact (81.364834ms)
✔ session auth-epoch admission and closed-session reuse fail before durable request creation (71.647042ms)
✔ cursor continuations are non-null, REQUEST cases are durable, and RSR prestates remain distinct (99.377875ms)
✔ credential and entropy oracles implement the exact RATE, GLOBAL-EVENT, and COLLISION programs (71.464375ms)
✔ all seven credential-auth non-enumeration cases charge only the exact auth-failure buckets (70.691625ms)
✔ all nine BACKUP leaves bind verification, protected manifest, temporary deletion, publication, and replay semantics (78.29275ms)
✔ all 22 credential issue/rotate leaves bind product credentials, receipts, handoff dispositions, replay, sessions, and stale work (87.771375ms)
✔ all 20 non-Q18 RACE leaves prove their distinct final-gate, competing mutation, crash cut, wire, and product-row effects (147.393208ms)
✔ all 39 BOOTSTRAP leaves use the ratified product-state vocabulary and prove distinct source, plan, handoff, publication, and recovery semantics (89.931375ms)
✔ all seven TIMESTAMP leaves validate distinct exact inputs at the schema, range, or Gregorian stage (66.917875ms)
✔ all 37 ACTIVITY metadata leaves bind the exact metadata value, key count, byte count, and persistence outcome (87.08075ms)
✔ all 18 policy/dependency/transport leaves prove their exact reasons, ordered decisions, traces, boundary, and persistence (72.918917ms)
✔ collision candidates bind an existing owning product row and never commit (87.907166ms)
✔ Q23 rational accumulator is integer exact and restart preserving (96.304625ms)
✔ canonical identifiers, cursors, bootstrap and secret results fail closed (76.686ms)
✔ two fresh roots, execution-backed receipts, and deterministic tar are valid (44903.263958ms)
✔ diff is all-and-only allowed and protected paths are byte-identical (59.175958ms)
✔ generated and qualification inputs contain no secret material (178.127417ms)
✔ hosted workflow freezes all-and-only 11 jobs and artifacts (13.718083ms)
ℹ tests 35
ℹ suites 0
ℹ pass 35
ℹ fail 0
ℹ cancelled 0
ℹ skipped 0
ℹ todo 0
ℹ duration_ms 92286.499625
