✔ generator check and exact manifest closure (3857.178667ms)
✔ all schemas compile strictly and product instances validate (708.016667ms)
✔ conformance rejects wrong partitions, duplicate coordinates, and incomplete absence records (33066.86525ms)
✔ every abstract durable row is complete and validates against its exact product-row schema (572.106708ms)
✔ event mutation is append-only and advances the product event chain, committed head, and anchor atomically (121.484208ms)
✔ each RETENTION vector proves its distinct V5 qualification, policy, sweep, deletion, batch, crash, and restore semantics (100.94775ms)
✔ operation, schema-ref, tool, error and vector inventories are exact (47.19975ms)
✔ every canonical fixture request validates against its declared exact operation schema (155.407667ms)
✔ request and activity rows bind exact request bytes and complete-success result bytes (210.451125ms)
✔ Q21 and Q22 fixture embodiment has exact closed shape, lineage, aliases and counts (188.295125ms)
✔ fixture wire bytes and every exposed digest are independently reproducible (524.532791ms)
✔ every exposed fixture-domain derivation uses an authorized V15 tag and its exact unprefixed preimage (1053.730292ms)
✔ declared mutation sets are canonical and equal the actual durable and physical diff (249.370375ms)
✔ global-event and observed-sink cross-products are exact (101.32575ms)
✔ redaction schema negatives have no response and serializer/sink cases stay closed and unique (92.467083ms)
✔ all RESTORE cases carry exact recovery, publication, invalidation, and physical disposition evidence (137.53775ms)
✔ Q17, Q18, mapping.add and restart-stale cursor semantics are exact (93.281667ms)
✔ session auth-epoch admission and closed-session reuse fail before durable request creation (96.981875ms)
✔ cursor continuations are non-null, REQUEST cases are durable, and RSR prestates remain distinct (117.275792ms)
✔ credential and entropy oracles implement the exact RATE, GLOBAL-EVENT, and COLLISION programs (93.447083ms)
✔ all seven credential-auth non-enumeration cases charge only the exact auth-failure buckets (86.682417ms)
✔ all nine BACKUP leaves bind verification, protected manifest, temporary deletion, publication, and replay semantics (94.684ms)
✔ all 22 credential issue/rotate leaves bind product credentials, receipts, handoff dispositions, replay, sessions, and stale work (102.4945ms)
✔ all 20 non-Q18 RACE leaves prove their distinct final-gate, competing mutation, crash cut, wire, and product-row effects (212.299375ms)
✔ all 39 BOOTSTRAP leaves use the ratified product-state vocabulary and prove distinct source, plan, handoff, publication, and recovery semantics (121.271459ms)
✔ all seven TIMESTAMP leaves validate distinct exact inputs at the schema, range, or Gregorian stage (99.143041ms)
✔ all 37 ACTIVITY metadata leaves bind the exact metadata value, key count, byte count, and persistence outcome (91.139292ms)
✔ all 18 policy/dependency/transport leaves prove their exact reasons, ordered decisions, traces, boundary, and persistence (100.127583ms)
✔ collision candidates bind an existing owning product row and never commit (98.376667ms)
✔ Q23 rational accumulator is integer exact and restart preserving (77.721833ms)
✔ canonical identifiers, cursors, bootstrap and secret results fail closed (70.819459ms)
✔ two fresh roots, execution-backed receipts, and deterministic tar are valid (44634.097334ms)
✔ diff is all-and-only allowed and protected paths are byte-identical (98.9455ms)
✔ generated and qualification inputs contain no secret material (190.194875ms)
✔ hosted workflow freezes all-and-only 11 jobs and artifacts (3.850541ms)
ℹ tests 35
ℹ suites 0
ℹ pass 35
ℹ fail 0
ℹ cancelled 0
ℹ skipped 0
ℹ todo 0
ℹ duration_ms 87817.591125
