✔ generator check and exact manifest closure (4802.021292ms)
✔ all schemas compile strictly and product instances validate (652.22325ms)
✔ conformance rejects wrong partitions, duplicate coordinates, and incomplete absence records (37855.095584ms)
✔ every abstract durable row is complete and validates against its exact product-row schema (537.562ms)
✔ event mutation is append-only and advances the product event chain, committed head, and anchor atomically (93.388083ms)
✔ each RETENTION vector proves its distinct V5 qualification, policy, sweep, deletion, batch, crash, and restore semantics (93.07275ms)
✔ operation, schema-ref, tool, error and vector inventories are exact (70.4425ms)
✔ every canonical fixture request validates against its declared exact operation schema (198.326709ms)
✔ request and activity rows bind exact request bytes and complete-success result bytes (223.446542ms)
✔ Q21 and Q22 fixture embodiment has exact closed shape, lineage, aliases and counts (175.180584ms)
✔ fixture wire bytes and every exposed digest are independently reproducible (538.819ms)
✔ every exposed fixture-domain derivation uses an authorized V15 tag and its exact unprefixed preimage (1163.22025ms)
✔ declared mutation sets are canonical and equal the actual durable and physical diff (303.03125ms)
✔ global-event and observed-sink cross-products are exact (130.610458ms)
✔ redaction schema negatives have no response and serializer/sink cases stay closed and unique (140.7525ms)
✔ all RESTORE cases carry exact recovery, publication, invalidation, and physical disposition evidence (195.637875ms)
✔ Q17, Q18, mapping.add and restart-stale cursor semantics are exact (125.593583ms)
✔ session auth-epoch admission and closed-session reuse fail before durable request creation (129.214292ms)
✔ cursor continuations are non-null, REQUEST cases are durable, and RSR prestates remain distinct (138.599333ms)
✔ credential and entropy oracles implement the exact RATE, GLOBAL-EVENT, and COLLISION programs (109.504167ms)
✔ all seven credential-auth non-enumeration cases charge only the exact auth-failure buckets (92.575292ms)
✔ all nine BACKUP leaves bind verification, protected manifest, temporary deletion, publication, and replay semantics (75.885917ms)
✔ all 22 credential issue/rotate leaves bind product credentials, receipts, handoff dispositions, replay, sessions, and stale work (115.894041ms)
✔ all 20 non-Q18 RACE leaves prove their distinct final-gate, competing mutation, crash cut, wire, and product-row effects (207.840958ms)
✔ all 39 BOOTSTRAP leaves use the ratified product-state vocabulary and prove distinct source, plan, handoff, publication, and recovery semantics (131.585875ms)
✔ all seven TIMESTAMP leaves validate distinct exact inputs at the schema, range, or Gregorian stage (90.603292ms)
✔ all 37 ACTIVITY metadata leaves bind the exact metadata value, key count, byte count, and persistence outcome (94.978709ms)
✔ all 18 policy/dependency/transport leaves prove their exact reasons, ordered decisions, traces, boundary, and persistence (78.421708ms)
✔ collision candidates bind an existing owning product row and never commit (93.900959ms)
✔ Q23 rational accumulator is integer exact and restart preserving (95.999709ms)
✔ canonical identifiers, cursors, bootstrap and secret results fail closed (48.517917ms)
✔ two fresh roots, execution-backed receipts, and deterministic tar are valid (41955.402792ms)
✔ diff is all-and-only allowed and protected paths are byte-identical (64.335458ms)
✔ generated and qualification inputs contain no secret material (142.058917ms)
✔ hosted workflow freezes all-and-only 11 jobs and artifacts (13.457583ms)
ℹ tests 35
ℹ suites 0
ℹ pass 35
ℹ fail 0
ℹ cancelled 0
ℹ skipped 0
ℹ todo 0
ℹ duration_ms 91112.907042
