✔ generator check and exact manifest closure (4923.831738ms)
✔ all schemas compile strictly and product instances validate (985.329225ms)
✔ conformance rejects wrong partitions, duplicate coordinates, and incomplete absence records (35369.989026ms)
✔ every abstract durable row is complete and validates against its exact product-row schema (652.970446ms)
✔ event mutation is append-only and advances the product event chain, committed head, and anchor atomically (115.033252ms)
✔ each RETENTION vector proves its distinct V5 qualification, policy, sweep, deletion, batch, crash, and restore semantics (125.267225ms)
✔ operation, schema-ref, tool, error and vector inventories are exact (73.468624ms)
✔ every canonical fixture request validates against its declared exact operation schema (225.764355ms)
✔ request and activity rows bind exact request bytes and complete-success result bytes (246.157698ms)
✔ Q21 and Q22 fixture embodiment has exact closed shape, lineage, aliases and counts (191.177302ms)
✔ fixture wire bytes and every exposed digest are independently reproducible (664.532471ms)
✔ every exposed fixture-domain derivation uses an authorized V15 tag and its exact unprefixed preimage (1305.086155ms)
✔ declared mutation sets are canonical and equal the actual durable and physical diff (310.285476ms)
✔ global-event and observed-sink cross-products are exact (101.371651ms)
✔ redaction schema negatives have no response and serializer/sink cases stay closed and unique (115.576383ms)
✔ all RESTORE cases carry exact recovery, publication, invalidation, and physical disposition evidence (189.704852ms)
✔ Q17, Q18, mapping.add and restart-stale cursor semantics are exact (124.767775ms)
✔ session auth-epoch admission and closed-session reuse fail before durable request creation (99.478188ms)
✔ cursor continuations are non-null, REQUEST cases are durable, and RSR prestates remain distinct (135.945192ms)
✔ credential and entropy oracles implement the exact RATE, GLOBAL-EVENT, and COLLISION programs (110.079976ms)
✔ all seven credential-auth non-enumeration cases charge only the exact auth-failure buckets (106.31439ms)
✔ all nine BACKUP leaves bind verification, protected manifest, temporary deletion, publication, and replay semantics (119.414315ms)
✔ all 22 credential issue/rotate leaves bind product credentials, receipts, handoff dispositions, replay, sessions, and stale work (130.386244ms)
✔ all 20 non-Q18 RACE leaves prove their distinct final-gate, competing mutation, crash cut, wire, and product-row effects (243.484334ms)
✔ all 39 BOOTSTRAP leaves use the ratified product-state vocabulary and prove distinct source, plan, handoff, publication, and recovery semantics (133.96432ms)
✔ all seven TIMESTAMP leaves validate distinct exact inputs at the schema, range, or Gregorian stage (99.235247ms)
✔ all 37 ACTIVITY metadata leaves bind the exact metadata value, key count, byte count, and persistence outcome (135.461692ms)
✔ all 18 policy/dependency/transport leaves prove their exact reasons, ordered decisions, traces, boundary, and persistence (109.407782ms)
✔ collision candidates bind an existing owning product row and never commit (114.729405ms)
✔ Q23 rational accumulator is integer exact and restart preserving (111.857937ms)
✔ canonical identifiers, cursors, bootstrap and secret results fail closed (95.56438ms)
✔ two fresh roots, execution-backed receipts, and deterministic tar are valid (46911.437948ms)
✔ diff is all-and-only allowed and protected paths are byte-identical (45.951802ms)
✔ generated and qualification inputs contain no secret material (75.921881ms)
✔ hosted workflow freezes all-and-only 11 jobs and artifacts (9.360926ms)
ℹ tests 35
ℹ suites 0
ℹ pass 35
ℹ fail 0
ℹ cancelled 0
ℹ skipped 0
ℹ todo 0
ℹ duration_ms 94660.206764
