✔ generator check and exact manifest closure (4849.383792ms)
✔ all schemas compile strictly and product instances validate (848.494375ms)
✔ conformance rejects wrong partitions, duplicate coordinates, and incomplete absence records (39193.816375ms)
✔ every abstract durable row is complete and validates against its exact product-row schema (561.789708ms)
✔ event mutation is append-only and advances the product event chain, committed head, and anchor atomically (115.9915ms)
✔ each RETENTION vector proves its distinct V5 qualification, policy, sweep, deletion, batch, crash, and restore semantics (123.694291ms)
✔ operation, schema-ref, tool, error and vector inventories are exact (63.729583ms)
✔ every canonical fixture request validates against its declared exact operation schema (205.6125ms)
✔ request and activity rows bind exact request bytes and complete-success result bytes (194.865792ms)
✔ Q21 and Q22 fixture embodiment has exact closed shape, lineage, aliases and counts (215.18375ms)
✔ fixture wire bytes and every exposed digest are independently reproducible (600.0265ms)
✔ every exposed fixture-domain derivation uses an authorized V15 tag and its exact unprefixed preimage (1076.815875ms)
✔ declared mutation sets are canonical and equal the actual durable and physical diff (224.289792ms)
✔ global-event and observed-sink cross-products are exact (100.68425ms)
✔ redaction schema negatives have no response and serializer/sink cases stay closed and unique (90.390083ms)
✔ all RESTORE cases carry exact recovery, publication, invalidation, and physical disposition evidence (171.739708ms)
✔ Q17, Q18, mapping.add and restart-stale cursor semantics are exact (106.151167ms)
✔ session auth-epoch admission and closed-session reuse fail before durable request creation (79.660791ms)
✔ cursor continuations are non-null, REQUEST cases are durable, and RSR prestates remain distinct (96.692542ms)
✔ credential and entropy oracles implement the exact RATE, GLOBAL-EVENT, and COLLISION programs (97.7075ms)
✔ all seven credential-auth non-enumeration cases charge only the exact auth-failure buckets (89.507458ms)
✔ all nine BACKUP leaves bind verification, protected manifest, temporary deletion, publication, and replay semantics (98.6985ms)
✔ all 22 credential issue/rotate leaves bind product credentials, receipts, handoff dispositions, replay, sessions, and stale work (136.1885ms)
✔ all 20 non-Q18 RACE leaves prove their distinct final-gate, competing mutation, crash cut, wire, and product-row effects (202.008583ms)
✔ all 39 BOOTSTRAP leaves use the ratified product-state vocabulary and prove distinct source, plan, handoff, publication, and recovery semantics (113.188709ms)
✔ all seven TIMESTAMP leaves validate distinct exact inputs at the schema, range, or Gregorian stage (75.51ms)
✔ all 37 ACTIVITY metadata leaves bind the exact metadata value, key count, byte count, and persistence outcome (95.1955ms)
✔ all 18 policy/dependency/transport leaves prove their exact reasons, ordered decisions, traces, boundary, and persistence (87.205834ms)
✔ collision candidates bind an existing owning product row and never commit (103.54975ms)
✔ Q23 rational accumulator is integer exact and restart preserving (105.212583ms)
✔ canonical identifiers, cursors, bootstrap and secret results fail closed (70.610625ms)
✔ two fresh roots, execution-backed receipts, and deterministic tar are valid (45930.586875ms)
✔ diff is all-and-only allowed and protected paths are byte-identical (56.586292ms)
✔ generated and qualification inputs contain no secret material (88.574167ms)
✔ hosted workflow freezes all-and-only 11 jobs and artifacts (8.492959ms)
ℹ tests 35
ℹ suites 0
ℹ pass 35
ℹ fail 0
ℹ cancelled 0
ℹ skipped 0
ℹ todo 0
ℹ duration_ms 96367.591083
