✔ generator check and exact manifest closure (8300.2491ms)
✔ all schemas compile strictly and product instances validate (1001.887ms)
✔ conformance rejects wrong partitions, duplicate coordinates, and incomplete absence records (32419.0383ms)
✔ every abstract durable row is complete and validates against its exact product-row schema (701.1968ms)
✔ event mutation is append-only and advances the product event chain, committed head, and anchor atomically (128.175ms)
✔ each RETENTION vector proves its distinct V5 qualification, policy, sweep, deletion, batch, crash, and restore semantics (129.7032ms)
✔ operation, schema-ref, tool, error and vector inventories are exact (85.5931ms)
✔ every canonical fixture request validates against its declared exact operation schema (236.1132ms)
✔ request and activity rows bind exact request bytes and complete-success result bytes (287.6823ms)
✔ Q21 and Q22 fixture embodiment has exact closed shape, lineage, aliases and counts (207.0808ms)
✔ fixture wire bytes and every exposed digest are independently reproducible (721.3931ms)
✔ every exposed fixture-domain derivation uses an authorized V15 tag and its exact unprefixed preimage (1370.2884ms)
✔ declared mutation sets are canonical and equal the actual durable and physical diff (326.2478ms)
✔ global-event and observed-sink cross-products are exact (120.1884ms)
✔ redaction schema negatives have no response and serializer/sink cases stay closed and unique (134.5157ms)
✔ all RESTORE cases carry exact recovery, publication, invalidation, and physical disposition evidence (180.0785ms)
✔ Q17, Q18, mapping.add and restart-stale cursor semantics are exact (131.1301ms)
✔ session auth-epoch admission and closed-session reuse fail before durable request creation (108.4426ms)
✔ cursor continuations are non-null, REQUEST cases are durable, and RSR prestates remain distinct (122.3982ms)
✔ credential and entropy oracles implement the exact RATE, GLOBAL-EVENT, and COLLISION programs (106.2341ms)
✔ all seven credential-auth non-enumeration cases charge only the exact auth-failure buckets (106.1111ms)
✔ all nine BACKUP leaves bind verification, protected manifest, temporary deletion, publication, and replay semantics (109.3896ms)
✔ all 22 credential issue/rotate leaves bind product credentials, receipts, handoff dispositions, replay, sessions, and stale work (118.8135ms)
✔ all 20 non-Q18 RACE leaves prove their distinct final-gate, competing mutation, crash cut, wire, and product-row effects (256.3864ms)
✔ all 39 BOOTSTRAP leaves use the ratified product-state vocabulary and prove distinct source, plan, handoff, publication, and recovery semantics (138.5361ms)
✔ all seven TIMESTAMP leaves validate distinct exact inputs at the schema, range, or Gregorian stage (112.486ms)
✔ all 37 ACTIVITY metadata leaves bind the exact metadata value, key count, byte count, and persistence outcome (128.9393ms)
✔ all 18 policy/dependency/transport leaves prove their exact reasons, ordered decisions, traces, boundary, and persistence (115.708ms)
✔ collision candidates bind an existing owning product row and never commit (118.7329ms)
✔ Q23 rational accumulator is integer exact and restart preserving (109.5568ms)
✔ canonical identifiers, cursors, bootstrap and secret results fail closed (79.1766ms)
✔ two fresh roots, execution-backed receipts, and deterministic tar are valid (78293.6483ms)
✔ diff is all-and-only allowed and protected paths are byte-identical (56.0249ms)
✔ generated and qualification inputs contain no secret material (84.4976ms)
✔ hosted workflow freezes all-and-only 11 jobs and artifacts (4.0504ms)
ℹ tests 35
ℹ suites 0
ℹ pass 35
ℹ fail 0
ℹ cancelled 0
ℹ skipped 0
ℹ todo 0
ℹ duration_ms 126820.6394
