✔ generator check and exact manifest closure (4524.650025ms)
✔ all schemas compile strictly and product instances validate (994.985499ms)
✔ conformance rejects wrong partitions, duplicate coordinates, and incomplete absence records (29593.454757ms)
✔ every abstract durable row is complete and validates against its exact product-row schema (544.173804ms)
✔ event mutation is append-only and advances the product event chain, committed head, and anchor atomically (114.832798ms)
✔ each RETENTION vector proves its distinct V5 qualification, policy, sweep, deletion, batch, crash, and restore semantics (114.982769ms)
✔ operation, schema-ref, tool, error and vector inventories are exact (80.642233ms)
✔ every canonical fixture request validates against its declared exact operation schema (196.411971ms)
✔ request and activity rows bind exact request bytes and complete-success result bytes (242.714873ms)
✔ Q21 and Q22 fixture embodiment has exact closed shape, lineage, aliases and counts (178.025691ms)
✔ fixture wire bytes and every exposed digest are independently reproducible (628.506431ms)
✔ every exposed fixture-domain derivation uses an authorized V15 tag and its exact unprefixed preimage (1235.014538ms)
✔ declared mutation sets are canonical and equal the actual durable and physical diff (294.300471ms)
✔ global-event and observed-sink cross-products are exact (110.171558ms)
✔ redaction schema negatives have no response and serializer/sink cases stay closed and unique (119.998128ms)
✔ all RESTORE cases carry exact recovery, publication, invalidation, and physical disposition evidence (164.027483ms)
✔ Q17, Q18, mapping.add and restart-stale cursor semantics are exact (117.74043ms)
✔ session auth-epoch admission and closed-session reuse fail before durable request creation (97.143807ms)
✔ cursor continuations are non-null, REQUEST cases are durable, and RSR prestates remain distinct (112.26333ms)
✔ credential and entropy oracles implement the exact RATE, GLOBAL-EVENT, and COLLISION programs (97.755505ms)
✔ all seven credential-auth non-enumeration cases charge only the exact auth-failure buckets (97.113259ms)
✔ all nine BACKUP leaves bind verification, protected manifest, temporary deletion, publication, and replay semantics (100.268171ms)
✔ all 22 credential issue/rotate leaves bind product credentials, receipts, handoff dispositions, replay, sessions, and stale work (104.480776ms)
✔ all 20 non-Q18 RACE leaves prove their distinct final-gate, competing mutation, crash cut, wire, and product-row effects (209.792668ms)
✔ all 39 BOOTSTRAP leaves use the ratified product-state vocabulary and prove distinct source, plan, handoff, publication, and recovery semantics (138.72293ms)
✔ all seven TIMESTAMP leaves validate distinct exact inputs at the schema, range, or Gregorian stage (109.974701ms)
✔ all 37 ACTIVITY metadata leaves bind the exact metadata value, key count, byte count, and persistence outcome (134.142542ms)
✔ all 18 policy/dependency/transport leaves prove their exact reasons, ordered decisions, traces, boundary, and persistence (97.859859ms)
✔ collision candidates bind an existing owning product row and never commit (115.268965ms)
✔ Q23 rational accumulator is integer exact and restart preserving (102.249535ms)
✔ canonical identifiers, cursors, bootstrap and secret results fail closed (79.800944ms)
✔ two fresh roots, execution-backed receipts, and deterministic tar are valid (44518.934987ms)
✔ diff is all-and-only allowed and protected paths are byte-identical (51.100704ms)
✔ generated and qualification inputs contain no secret material (70.174358ms)
✔ hosted workflow freezes all-and-only 11 jobs and artifacts (11.226256ms)
ℹ tests 35
ℹ suites 0
ℹ pass 35
ℹ fail 0
ℹ cancelled 0
ℹ skipped 0
ℹ todo 0
ℹ duration_ms 85692.509848
