✔ generator check and exact manifest closure (4666.570971ms)
✔ all schemas compile strictly and product instances validate (953.241754ms)
✔ conformance rejects wrong partitions, duplicate coordinates, and incomplete absence records (31301.434653ms)
✔ every abstract durable row is complete and validates against its exact product-row schema (587.525703ms)
✔ event mutation is append-only and advances the product event chain, committed head, and anchor atomically (108.774208ms)
✔ each RETENTION vector proves its distinct V5 qualification, policy, sweep, deletion, batch, crash, and restore semantics (111.158172ms)
✔ operation, schema-ref, tool, error and vector inventories are exact (76.02206ms)
✔ every canonical fixture request validates against its declared exact operation schema (196.775553ms)
✔ request and activity rows bind exact request bytes and complete-success result bytes (242.539401ms)
✔ Q21 and Q22 fixture embodiment has exact closed shape, lineage, aliases and counts (179.834828ms)
✔ fixture wire bytes and every exposed digest are independently reproducible (667.559013ms)
✔ every exposed fixture-domain derivation uses an authorized V15 tag and its exact unprefixed preimage (1286.152581ms)
✔ declared mutation sets are canonical and equal the actual durable and physical diff (297.544718ms)
✔ global-event and observed-sink cross-products are exact (106.501208ms)
✔ redaction schema negatives have no response and serializer/sink cases stay closed and unique (114.43659ms)
✔ all RESTORE cases carry exact recovery, publication, invalidation, and physical disposition evidence (158.807118ms)
✔ Q17, Q18, mapping.add and restart-stale cursor semantics are exact (111.937297ms)
✔ session auth-epoch admission and closed-session reuse fail before durable request creation (95.10263ms)
✔ cursor continuations are non-null, REQUEST cases are durable, and RSR prestates remain distinct (107.29128ms)
✔ credential and entropy oracles implement the exact RATE, GLOBAL-EVENT, and COLLISION programs (93.71972ms)
✔ all seven credential-auth non-enumeration cases charge only the exact auth-failure buckets (92.688793ms)
✔ all nine BACKUP leaves bind verification, protected manifest, temporary deletion, publication, and replay semantics (95.861683ms)
✔ all 22 credential issue/rotate leaves bind product credentials, receipts, handoff dispositions, replay, sessions, and stale work (99.163536ms)
✔ all 20 non-Q18 RACE leaves prove their distinct final-gate, competing mutation, crash cut, wire, and product-row effects (223.58688ms)
✔ all 39 BOOTSTRAP leaves use the ratified product-state vocabulary and prove distinct source, plan, handoff, publication, and recovery semantics (124.827061ms)
✔ all seven TIMESTAMP leaves validate distinct exact inputs at the schema, range, or Gregorian stage (94.543788ms)
✔ all 37 ACTIVITY metadata leaves bind the exact metadata value, key count, byte count, and persistence outcome (112.965831ms)
✔ all 18 policy/dependency/transport leaves prove their exact reasons, ordered decisions, traces, boundary, and persistence (97.070988ms)
✔ collision candidates bind an existing owning product row and never commit (101.943858ms)
✔ Q23 rational accumulator is integer exact and restart preserving (97.749314ms)
✔ canonical identifiers, cursors, bootstrap and secret results fail closed (76.162258ms)
✔ two fresh roots, execution-backed receipts, and deterministic tar are valid (46073.125456ms)
✔ diff is all-and-only allowed and protected paths are byte-identical (45.658047ms)
✔ generated and qualification inputs contain no secret material (70.411715ms)
✔ hosted workflow freezes all-and-only 11 jobs and artifacts (9.975655ms)
ℹ tests 35
ℹ suites 0
ℹ pass 35
ℹ fail 0
ℹ cancelled 0
ℹ skipped 0
ℹ todo 0
ℹ duration_ms 89061.688092
