✔ generator check and exact manifest closure (4538.518643ms)
✔ all schemas compile strictly and product instances validate (919.240266ms)
✔ conformance rejects wrong partitions, duplicate coordinates, and incomplete absence records (34061.908291ms)
✔ every abstract durable row is complete and validates against its exact product-row schema (610.706921ms)
✔ event mutation is append-only and advances the product event chain, committed head, and anchor atomically (122.553152ms)
✔ each RETENTION vector proves its distinct V5 qualification, policy, sweep, deletion, batch, crash, and restore semantics (116.382231ms)
✔ operation, schema-ref, tool, error and vector inventories are exact (78.773596ms)
✔ every canonical fixture request validates against its declared exact operation schema (201.190759ms)
✔ request and activity rows bind exact request bytes and complete-success result bytes (259.484395ms)
✔ Q21 and Q22 fixture embodiment has exact closed shape, lineage, aliases and counts (186.578419ms)
✔ fixture wire bytes and every exposed digest are independently reproducible (623.51303ms)
✔ every exposed fixture-domain derivation uses an authorized V15 tag and its exact unprefixed preimage (1263.982611ms)
✔ declared mutation sets are canonical and equal the actual durable and physical diff (285.838937ms)
✔ global-event and observed-sink cross-products are exact (110.265066ms)
✔ redaction schema negatives have no response and serializer/sink cases stay closed and unique (104.707908ms)
✔ all RESTORE cases carry exact recovery, publication, invalidation, and physical disposition evidence (182.410231ms)
✔ Q17, Q18, mapping.add and restart-stale cursor semantics are exact (126.646138ms)
✔ session auth-epoch admission and closed-session reuse fail before durable request creation (98.63839ms)
✔ cursor continuations are non-null, REQUEST cases are durable, and RSR prestates remain distinct (134.950213ms)
✔ credential and entropy oracles implement the exact RATE, GLOBAL-EVENT, and COLLISION programs (97.853507ms)
✔ all seven credential-auth non-enumeration cases charge only the exact auth-failure buckets (109.995068ms)
✔ all nine BACKUP leaves bind verification, protected manifest, temporary deletion, publication, and replay semantics (117.140236ms)
✔ all 22 credential issue/rotate leaves bind product credentials, receipts, handoff dispositions, replay, sessions, and stale work (123.190198ms)
✔ all 20 non-Q18 RACE leaves prove their distinct final-gate, competing mutation, crash cut, wire, and product-row effects (208.327554ms)
✔ all 39 BOOTSTRAP leaves use the ratified product-state vocabulary and prove distinct source, plan, handoff, publication, and recovery semantics (141.582818ms)
✔ all seven TIMESTAMP leaves validate distinct exact inputs at the schema, range, or Gregorian stage (95.862656ms)
✔ all 37 ACTIVITY metadata leaves bind the exact metadata value, key count, byte count, and persistence outcome (134.33597ms)
✔ all 18 policy/dependency/transport leaves prove their exact reasons, ordered decisions, traces, boundary, and persistence (108.154971ms)
✔ collision candidates bind an existing owning product row and never commit (113.876599ms)
✔ Q23 rational accumulator is integer exact and restart preserving (110.392013ms)
✔ canonical identifiers, cursors, bootstrap and secret results fail closed (93.324751ms)
✔ two fresh roots, execution-backed receipts, and deterministic tar are valid (44331.199669ms)
✔ diff is all-and-only allowed and protected paths are byte-identical (44.159743ms)
✔ generated and qualification inputs contain no secret material (82.256307ms)
✔ hosted workflow freezes all-and-only 11 jobs and artifacts (3.9774ms)
ℹ tests 35
ℹ suites 0
ℹ pass 35
ℹ fail 0
ℹ cancelled 0
ℹ skipped 0
ℹ todo 0
ℹ duration_ms 90088.257175
