✔ generator check and exact manifest closure (5224.4935ms)
✔ all schemas compile strictly and product instances validate (708.407667ms)
✔ conformance rejects wrong partitions, duplicate coordinates, and incomplete absence records (43297.911334ms)
✔ every abstract durable row is complete and validates against its exact product-row schema (556.572584ms)
✔ event mutation is append-only and advances the product event chain, committed head, and anchor atomically (108.577875ms)
✔ each RETENTION vector proves its distinct V5 qualification, policy, sweep, deletion, batch, crash, and restore semantics (123.93225ms)
✔ operation, schema-ref, tool, error and vector inventories are exact (62.21475ms)
✔ every canonical fixture request validates against its declared exact operation schema (153.577167ms)
✔ request and activity rows bind exact request bytes and complete-success result bytes (234.102083ms)
✔ Q21 and Q22 fixture embodiment has exact closed shape, lineage, aliases and counts (196.647083ms)
✔ fixture wire bytes and every exposed digest are independently reproducible (645.705375ms)
✔ every exposed fixture-domain derivation uses an authorized V15 tag and its exact unprefixed preimage (1079.75125ms)
✔ declared mutation sets are canonical and equal the actual durable and physical diff (239.709042ms)
✔ global-event and observed-sink cross-products are exact (86.965792ms)
✔ redaction schema negatives have no response and serializer/sink cases stay closed and unique (102.876958ms)
✔ all RESTORE cases carry exact recovery, publication, invalidation, and physical disposition evidence (138.481417ms)
✔ Q17, Q18, mapping.add and restart-stale cursor semantics are exact (134.193084ms)
✔ session auth-epoch admission and closed-session reuse fail before durable request creation (121.639333ms)
✔ cursor continuations are non-null, REQUEST cases are durable, and RSR prestates remain distinct (117.414625ms)
✔ credential and entropy oracles implement the exact RATE, GLOBAL-EVENT, and COLLISION programs (83.262875ms)
✔ all seven credential-auth non-enumeration cases charge only the exact auth-failure buckets (85.285ms)
✔ all nine BACKUP leaves bind verification, protected manifest, temporary deletion, publication, and replay semantics (91.671542ms)
✔ all 22 credential issue/rotate leaves bind product credentials, receipts, handoff dispositions, replay, sessions, and stale work (96.015833ms)
✔ all 20 non-Q18 RACE leaves prove their distinct final-gate, competing mutation, crash cut, wire, and product-row effects (162.869792ms)
✔ all 39 BOOTSTRAP leaves use the ratified product-state vocabulary and prove distinct source, plan, handoff, publication, and recovery semantics (102.255292ms)
✔ all seven TIMESTAMP leaves validate distinct exact inputs at the schema, range, or Gregorian stage (95.564542ms)
✔ all 37 ACTIVITY metadata leaves bind the exact metadata value, key count, byte count, and persistence outcome (176.754833ms)
✔ all 18 policy/dependency/transport leaves prove their exact reasons, ordered decisions, traces, boundary, and persistence (110.371625ms)
✔ collision candidates bind an existing owning product row and never commit (107.599083ms)
✔ Q23 rational accumulator is integer exact and restart preserving (100.043334ms)
✔ canonical identifiers, cursors, bootstrap and secret results fail closed (76.209875ms)
✔ two fresh roots, execution-backed receipts, and deterministic tar are valid (47565.567375ms)
✔ diff is all-and-only allowed and protected paths are byte-identical (88.371875ms)
✔ generated and qualification inputs contain no secret material (97.307292ms)
✔ hosted workflow freezes all-and-only 11 jobs and artifacts (13.798667ms)
ℹ tests 35
ℹ suites 0
ℹ pass 35
ℹ fail 0
ℹ cancelled 0
ℹ skipped 0
ℹ todo 0
ℹ duration_ms 102546.097167
