✔ generator check and exact manifest closure (8894.8486ms)
✔ all schemas compile strictly and product instances validate (1140.436ms)
✔ conformance rejects wrong partitions, duplicate coordinates, and incomplete absence records (33217.6072ms)
✔ every abstract durable row is complete and validates against its exact product-row schema (704.4844ms)
✔ event mutation is append-only and advances the product event chain, committed head, and anchor atomically (124.4961ms)
✔ each RETENTION vector proves its distinct V5 qualification, policy, sweep, deletion, batch, crash, and restore semantics (140.2808ms)
✔ operation, schema-ref, tool, error and vector inventories are exact (76.9729ms)
✔ every canonical fixture request validates against its declared exact operation schema (253.1036ms)
✔ request and activity rows bind exact request bytes and complete-success result bytes (280.2361ms)
✔ Q21 and Q22 fixture embodiment has exact closed shape, lineage, aliases and counts (217.7937ms)
✔ fixture wire bytes and every exposed digest are independently reproducible (802.2191ms)
✔ every exposed fixture-domain derivation uses an authorized V15 tag and its exact unprefixed preimage (1553.3615ms)
✔ declared mutation sets are canonical and equal the actual durable and physical diff (373.9838ms)
✔ global-event and observed-sink cross-products are exact (115.5213ms)
✔ redaction schema negatives have no response and serializer/sink cases stay closed and unique (139.752ms)
✔ all RESTORE cases carry exact recovery, publication, invalidation, and physical disposition evidence (217.0137ms)
✔ Q17, Q18, mapping.add and restart-stale cursor semantics are exact (143.0384ms)
✔ session auth-epoch admission and closed-session reuse fail before durable request creation (115.2679ms)
✔ cursor continuations are non-null, REQUEST cases are durable, and RSR prestates remain distinct (155.2336ms)
✔ credential and entropy oracles implement the exact RATE, GLOBAL-EVENT, and COLLISION programs (125.7733ms)
✔ all seven credential-auth non-enumeration cases charge only the exact auth-failure buckets (120.5627ms)
✔ all nine BACKUP leaves bind verification, protected manifest, temporary deletion, publication, and replay semantics (136.8889ms)
✔ all 22 credential issue/rotate leaves bind product credentials, receipts, handoff dispositions, replay, sessions, and stale work (144.2208ms)
✔ all 20 non-Q18 RACE leaves prove their distinct final-gate, competing mutation, crash cut, wire, and product-row effects (277.5213ms)
✔ all 39 BOOTSTRAP leaves use the ratified product-state vocabulary and prove distinct source, plan, handoff, publication, and recovery semantics (158.5294ms)
✔ all seven TIMESTAMP leaves validate distinct exact inputs at the schema, range, or Gregorian stage (115.2208ms)
✔ all 37 ACTIVITY metadata leaves bind the exact metadata value, key count, byte count, and persistence outcome (174.9527ms)
✔ all 18 policy/dependency/transport leaves prove their exact reasons, ordered decisions, traces, boundary, and persistence (129.3511ms)
✔ collision candidates bind an existing owning product row and never commit (133.812ms)
✔ Q23 rational accumulator is integer exact and restart preserving (124.4859ms)
✔ canonical identifiers, cursors, bootstrap and secret results fail closed (103.7324ms)
✔ two fresh roots, execution-backed receipts, and deterministic tar are valid (84537.0338ms)
✔ diff is all-and-only allowed and protected paths are byte-identical (52.506ms)
✔ generated and qualification inputs contain no secret material (81.9509ms)
✔ hosted workflow freezes all-and-only 11 jobs and artifacts (8.289ms)
ℹ tests 35
ℹ suites 0
ℹ pass 35
ℹ fail 0
ℹ cancelled 0
ℹ skipped 0
ℹ todo 0
ℹ duration_ms 135289.1364
