✔ generator check and exact manifest closure (9591.7388ms)
✔ all schemas compile strictly and product instances validate (1293.7387ms)
✔ conformance rejects wrong partitions, duplicate coordinates, and incomplete absence records (37118.8314ms)
✔ every abstract durable row is complete and validates against its exact product-row schema (809.2279ms)
✔ event mutation is append-only and advances the product event chain, committed head, and anchor atomically (161.0209ms)
✔ each RETENTION vector proves its distinct V5 qualification, policy, sweep, deletion, batch, crash, and restore semantics (153.4758ms)
✔ operation, schema-ref, tool, error and vector inventories are exact (101.5426ms)
✔ every canonical fixture request validates against its declared exact operation schema (281.7329ms)
✔ request and activity rows bind exact request bytes and complete-success result bytes (311.7984ms)
✔ Q21 and Q22 fixture embodiment has exact closed shape, lineage, aliases and counts (242.7634ms)
✔ fixture wire bytes and every exposed digest are independently reproducible (863.9983ms)
✔ every exposed fixture-domain derivation uses an authorized V15 tag and its exact unprefixed preimage (1659.4197ms)
✔ declared mutation sets are canonical and equal the actual durable and physical diff (391.3648ms)
✔ global-event and observed-sink cross-products are exact (158.2966ms)
✔ redaction schema negatives have no response and serializer/sink cases stay closed and unique (141.5051ms)
✔ all RESTORE cases carry exact recovery, publication, invalidation, and physical disposition evidence (234.6335ms)
✔ Q17, Q18, mapping.add and restart-stale cursor semantics are exact (177.432ms)
✔ session auth-epoch admission and closed-session reuse fail before durable request creation (133.4493ms)
✔ cursor continuations are non-null, REQUEST cases are durable, and RSR prestates remain distinct (180.3079ms)
✔ credential and entropy oracles implement the exact RATE, GLOBAL-EVENT, and COLLISION programs (133.2902ms)
✔ all seven credential-auth non-enumeration cases charge only the exact auth-failure buckets (159.0929ms)
✔ all nine BACKUP leaves bind verification, protected manifest, temporary deletion, publication, and replay semantics (162.93ms)
✔ all 22 credential issue/rotate leaves bind product credentials, receipts, handoff dispositions, replay, sessions, and stale work (172.1946ms)
✔ all 20 non-Q18 RACE leaves prove their distinct final-gate, competing mutation, crash cut, wire, and product-row effects (304.285ms)
✔ all 39 BOOTSTRAP leaves use the ratified product-state vocabulary and prove distinct source, plan, handoff, publication, and recovery semantics (185.8319ms)
✔ all seven TIMESTAMP leaves validate distinct exact inputs at the schema, range, or Gregorian stage (138.4879ms)
✔ all 37 ACTIVITY metadata leaves bind the exact metadata value, key count, byte count, and persistence outcome (185.1882ms)
✔ all 18 policy/dependency/transport leaves prove their exact reasons, ordered decisions, traces, boundary, and persistence (146.3764ms)
✔ collision candidates bind an existing owning product row and never commit (146.0019ms)
✔ Q23 rational accumulator is integer exact and restart preserving (150.3902ms)
✔ canonical identifiers, cursors, bootstrap and secret results fail closed (114.7275ms)
✔ two fresh roots, execution-backed receipts, and deterministic tar are valid (92888.1185ms)
✔ diff is all-and-only allowed and protected paths are byte-identical (59.884ms)
✔ generated and qualification inputs contain no secret material (101.5611ms)
✔ hosted workflow freezes all-and-only 11 jobs and artifacts (5.7837ms)
ℹ tests 35
ℹ suites 0
ℹ pass 35
ℹ fail 0
ℹ cancelled 0
ℹ skipped 0
ℹ todo 0
ℹ duration_ms 149280.3034
