✔ generator check and exact manifest closure (4583.498458ms)
✔ all schemas compile strictly and product instances validate (945.402276ms)
✔ conformance rejects wrong partitions, duplicate coordinates, and incomplete absence records (30714.012561ms)
✔ every abstract durable row is complete and validates against its exact product-row schema (571.95759ms)
✔ event mutation is append-only and advances the product event chain, committed head, and anchor atomically (106.284228ms)
✔ each RETENTION vector proves its distinct V5 qualification, policy, sweep, deletion, batch, crash, and restore semantics (109.563297ms)
✔ operation, schema-ref, tool, error and vector inventories are exact (75.263164ms)
✔ every canonical fixture request validates against its declared exact operation schema (195.995768ms)
✔ request and activity rows bind exact request bytes and complete-success result bytes (247.956286ms)
✔ Q21 and Q22 fixture embodiment has exact closed shape, lineage, aliases and counts (180.613051ms)
✔ fixture wire bytes and every exposed digest are independently reproducible (678.990473ms)
✔ every exposed fixture-domain derivation uses an authorized V15 tag and its exact unprefixed preimage (1298.085601ms)
✔ declared mutation sets are canonical and equal the actual durable and physical diff (298.922404ms)
✔ global-event and observed-sink cross-products are exact (102.703559ms)
✔ redaction schema negatives have no response and serializer/sink cases stay closed and unique (113.446613ms)
✔ all RESTORE cases carry exact recovery, publication, invalidation, and physical disposition evidence (158.484399ms)
✔ Q17, Q18, mapping.add and restart-stale cursor semantics are exact (117.671651ms)
✔ session auth-epoch admission and closed-session reuse fail before durable request creation (92.968698ms)
✔ cursor continuations are non-null, REQUEST cases are durable, and RSR prestates remain distinct (106.571353ms)
✔ credential and entropy oracles implement the exact RATE, GLOBAL-EVENT, and COLLISION programs (92.815595ms)
✔ all seven credential-auth non-enumeration cases charge only the exact auth-failure buckets (93.476286ms)
✔ all nine BACKUP leaves bind verification, protected manifest, temporary deletion, publication, and replay semantics (95.72874ms)
✔ all 22 credential issue/rotate leaves bind product credentials, receipts, handoff dispositions, replay, sessions, and stale work (98.712666ms)
✔ all 20 non-Q18 RACE leaves prove their distinct final-gate, competing mutation, crash cut, wire, and product-row effects (229.58032ms)
✔ all 39 BOOTSTRAP leaves use the ratified product-state vocabulary and prove distinct source, plan, handoff, publication, and recovery semantics (124.267723ms)
✔ all seven TIMESTAMP leaves validate distinct exact inputs at the schema, range, or Gregorian stage (95.316733ms)
✔ all 37 ACTIVITY metadata leaves bind the exact metadata value, key count, byte count, and persistence outcome (110.016105ms)
✔ all 18 policy/dependency/transport leaves prove their exact reasons, ordered decisions, traces, boundary, and persistence (97.552102ms)
✔ collision candidates bind an existing owning product row and never commit (102.281082ms)
✔ Q23 rational accumulator is integer exact and restart preserving (96.592799ms)
✔ canonical identifiers, cursors, bootstrap and secret results fail closed (75.685717ms)
✔ two fresh roots, execution-backed receipts, and deterministic tar are valid (45611.436898ms)
✔ diff is all-and-only allowed and protected paths are byte-identical (46.648625ms)
✔ generated and qualification inputs contain no secret material (80.631057ms)
✔ hosted workflow freezes all-and-only 11 jobs and artifacts (3.680595ms)
ℹ tests 35
ℹ suites 0
ℹ pass 35
ℹ fail 0
ℹ cancelled 0
ℹ skipped 0
ℹ todo 0
ℹ duration_ms 87934.236598
