✔ generator check and exact manifest closure (8106.5917ms)
✔ all schemas compile strictly and product instances validate (964.0318ms)
✔ conformance rejects wrong partitions, duplicate coordinates, and incomplete absence records (30427.8892ms)
✔ every abstract durable row is complete and validates against its exact product-row schema (612.298ms)
✔ event mutation is append-only and advances the product event chain, committed head, and anchor atomically (118.3957ms)
✔ each RETENTION vector proves its distinct V5 qualification, policy, sweep, deletion, batch, crash, and restore semantics (121.2442ms)
✔ operation, schema-ref, tool, error and vector inventories are exact (91.5052ms)
✔ every canonical fixture request validates against its declared exact operation schema (213.0053ms)
✔ request and activity rows bind exact request bytes and complete-success result bytes (258.7745ms)
✔ Q21 and Q22 fixture embodiment has exact closed shape, lineage, aliases and counts (191.3515ms)
✔ fixture wire bytes and every exposed digest are independently reproducible (689.7203ms)
✔ every exposed fixture-domain derivation uses an authorized V15 tag and its exact unprefixed preimage (1305.0121ms)
✔ declared mutation sets are canonical and equal the actual durable and physical diff (306.1319ms)
✔ global-event and observed-sink cross-products are exact (113.1845ms)
✔ redaction schema negatives have no response and serializer/sink cases stay closed and unique (122.933ms)
✔ all RESTORE cases carry exact recovery, publication, invalidation, and physical disposition evidence (173.8784ms)
✔ Q17, Q18, mapping.add and restart-stale cursor semantics are exact (123.8676ms)
✔ session auth-epoch admission and closed-session reuse fail before durable request creation (104.7286ms)
✔ cursor continuations are non-null, REQUEST cases are durable, and RSR prestates remain distinct (116.0157ms)
✔ credential and entropy oracles implement the exact RATE, GLOBAL-EVENT, and COLLISION programs (106.5179ms)
✔ all seven credential-auth non-enumeration cases charge only the exact auth-failure buckets (101.0518ms)
✔ all nine BACKUP leaves bind verification, protected manifest, temporary deletion, publication, and replay semantics (105.6971ms)
✔ all 22 credential issue/rotate leaves bind product credentials, receipts, handoff dispositions, replay, sessions, and stale work (108.0097ms)
✔ all 20 non-Q18 RACE leaves prove their distinct final-gate, competing mutation, crash cut, wire, and product-row effects (242.6548ms)
✔ all 39 BOOTSTRAP leaves use the ratified product-state vocabulary and prove distinct source, plan, handoff, publication, and recovery semantics (133.3919ms)
✔ all seven TIMESTAMP leaves validate distinct exact inputs at the schema, range, or Gregorian stage (105.9332ms)
✔ all 37 ACTIVITY metadata leaves bind the exact metadata value, key count, byte count, and persistence outcome (118.7396ms)
✔ all 18 policy/dependency/transport leaves prove their exact reasons, ordered decisions, traces, boundary, and persistence (107.1107ms)
✔ collision candidates bind an existing owning product row and never commit (112.8426ms)
✔ Q23 rational accumulator is integer exact and restart preserving (105.51ms)
✔ canonical identifiers, cursors, bootstrap and secret results fail closed (76.0386ms)
✔ two fresh roots, execution-backed receipts, and deterministic tar are valid (79148.4387ms)
✔ diff is all-and-only allowed and protected paths are byte-identical (52.161ms)
✔ generated and qualification inputs contain no secret material (85.3619ms)
✔ hosted workflow freezes all-and-only 11 jobs and artifacts (3.7441ms)
ℹ tests 35
ℹ suites 0
ℹ pass 35
ℹ fail 0
ℹ cancelled 0
ℹ skipped 0
ℹ todo 0
ℹ duration_ms 125029.1908
