✔ generator check and exact manifest closure (4306.809375ms)
✔ all schemas compile strictly and product instances validate (627.222958ms)
✔ conformance rejects wrong partitions, duplicate coordinates, and incomplete absence records (34216.015792ms)
✔ every abstract durable row is complete and validates against its exact product-row schema (591.326459ms)
✔ event mutation is append-only and advances the product event chain, committed head, and anchor atomically (122.577833ms)
✔ each RETENTION vector proves its distinct V5 qualification, policy, sweep, deletion, batch, crash, and restore semantics (112.197458ms)
✔ operation, schema-ref, tool, error and vector inventories are exact (87.805875ms)
✔ every canonical fixture request validates against its declared exact operation schema (193.747ms)
✔ request and activity rows bind exact request bytes and complete-success result bytes (200.860125ms)
✔ Q21 and Q22 fixture embodiment has exact closed shape, lineage, aliases and counts (237.108ms)
✔ fixture wire bytes and every exposed digest are independently reproducible (555.582584ms)
✔ every exposed fixture-domain derivation uses an authorized V15 tag and its exact unprefixed preimage (1233.96125ms)
✔ declared mutation sets are canonical and equal the actual durable and physical diff (285.619541ms)
✔ global-event and observed-sink cross-products are exact (120.946041ms)
✔ redaction schema negatives have no response and serializer/sink cases stay closed and unique (151.64575ms)
✔ all RESTORE cases carry exact recovery, publication, invalidation, and physical disposition evidence (164.402417ms)
✔ Q17, Q18, mapping.add and restart-stale cursor semantics are exact (175.186125ms)
✔ session auth-epoch admission and closed-session reuse fail before durable request creation (104.719292ms)
✔ cursor continuations are non-null, REQUEST cases are durable, and RSR prestates remain distinct (164.899667ms)
✔ credential and entropy oracles implement the exact RATE, GLOBAL-EVENT, and COLLISION programs (116.05475ms)
✔ all seven credential-auth non-enumeration cases charge only the exact auth-failure buckets (119.428917ms)
✔ all nine BACKUP leaves bind verification, protected manifest, temporary deletion, publication, and replay semantics (132.11425ms)
✔ all 22 credential issue/rotate leaves bind product credentials, receipts, handoff dispositions, replay, sessions, and stale work (143.833666ms)
✔ all 20 non-Q18 RACE leaves prove their distinct final-gate, competing mutation, crash cut, wire, and product-row effects (256.218292ms)
✔ all 39 BOOTSTRAP leaves use the ratified product-state vocabulary and prove distinct source, plan, handoff, publication, and recovery semantics (128.413792ms)
✔ all seven TIMESTAMP leaves validate distinct exact inputs at the schema, range, or Gregorian stage (83.546583ms)
✔ all 37 ACTIVITY metadata leaves bind the exact metadata value, key count, byte count, and persistence outcome (141.22125ms)
✔ all 18 policy/dependency/transport leaves prove their exact reasons, ordered decisions, traces, boundary, and persistence (109.970208ms)
✔ collision candidates bind an existing owning product row and never commit (103.171917ms)
✔ Q23 rational accumulator is integer exact and restart preserving (93.258333ms)
✔ canonical identifiers, cursors, bootstrap and secret results fail closed (67.65475ms)
✔ two fresh roots, execution-backed receipts, and deterministic tar are valid (47851.100375ms)
✔ diff is all-and-only allowed and protected paths are byte-identical (57.711833ms)
✔ generated and qualification inputs contain no secret material (138.31275ms)
✔ hosted workflow freezes all-and-only 11 jobs and artifacts (3.061625ms)
ℹ tests 35
ℹ suites 0
ℹ pass 35
ℹ fail 0
ℹ cancelled 0
ℹ skipped 0
ℹ todo 0
ℹ duration_ms 93291.830583
