✔ generator check and exact manifest closure (4783.13837ms)
✔ all schemas compile strictly and product instances validate (1011.729716ms)
✔ conformance rejects wrong partitions, duplicate coordinates, and incomplete absence records (31804.349672ms)
✔ every abstract durable row is complete and validates against its exact product-row schema (596.715742ms)
✔ event mutation is append-only and advances the product event chain, committed head, and anchor atomically (106.830323ms)
✔ each RETENTION vector proves its distinct V5 qualification, policy, sweep, deletion, batch, crash, and restore semantics (111.064767ms)
✔ operation, schema-ref, tool, error and vector inventories are exact (75.195351ms)
✔ every canonical fixture request validates against its declared exact operation schema (197.021738ms)
✔ request and activity rows bind exact request bytes and complete-success result bytes (226.46652ms)
✔ Q21 and Q22 fixture embodiment has exact closed shape, lineage, aliases and counts (194.142637ms)
✔ fixture wire bytes and every exposed digest are independently reproducible (650.927735ms)
✔ every exposed fixture-domain derivation uses an authorized V15 tag and its exact unprefixed preimage (1303.380652ms)
✔ declared mutation sets are canonical and equal the actual durable and physical diff (303.273334ms)
✔ global-event and observed-sink cross-products are exact (101.602362ms)
✔ redaction schema negatives have no response and serializer/sink cases stay closed and unique (112.14871ms)
✔ all RESTORE cases carry exact recovery, publication, invalidation, and physical disposition evidence (157.718701ms)
✔ Q17, Q18, mapping.add and restart-stale cursor semantics are exact (112.720478ms)
✔ session auth-epoch admission and closed-session reuse fail before durable request creation (94.401537ms)
✔ cursor continuations are non-null, REQUEST cases are durable, and RSR prestates remain distinct (110.135084ms)
✔ credential and entropy oracles implement the exact RATE, GLOBAL-EVENT, and COLLISION programs (94.393875ms)
✔ all seven credential-auth non-enumeration cases charge only the exact auth-failure buckets (95.13554ms)
✔ all nine BACKUP leaves bind verification, protected manifest, temporary deletion, publication, and replay semantics (97.025316ms)
✔ all 22 credential issue/rotate leaves bind product credentials, receipts, handoff dispositions, replay, sessions, and stale work (100.174861ms)
✔ all 20 non-Q18 RACE leaves prove their distinct final-gate, competing mutation, crash cut, wire, and product-row effects (223.552287ms)
✔ all 39 BOOTSTRAP leaves use the ratified product-state vocabulary and prove distinct source, plan, handoff, publication, and recovery semantics (124.742638ms)
✔ all seven TIMESTAMP leaves validate distinct exact inputs at the schema, range, or Gregorian stage (97.184265ms)
✔ all 37 ACTIVITY metadata leaves bind the exact metadata value, key count, byte count, and persistence outcome (109.514826ms)
✔ all 18 policy/dependency/transport leaves prove their exact reasons, ordered decisions, traces, boundary, and persistence (95.960335ms)
✔ collision candidates bind an existing owning product row and never commit (105.272309ms)
✔ Q23 rational accumulator is integer exact and restart preserving (99.401975ms)
✔ canonical identifiers, cursors, bootstrap and secret results fail closed (74.406713ms)
✔ two fresh roots, execution-backed receipts, and deterministic tar are valid (45925.342242ms)
✔ diff is all-and-only allowed and protected paths are byte-identical (47.194003ms)
✔ generated and qualification inputs contain no secret material (70.881892ms)
✔ hosted workflow freezes all-and-only 11 jobs and artifacts (11.307258ms)
ℹ tests 35
ℹ suites 0
ℹ pass 35
ℹ fail 0
ℹ cancelled 0
ℹ skipped 0
ℹ todo 0
ℹ duration_ms 89603.105232
