✔ generator check and exact manifest closure (4873.282417ms)
✔ all schemas compile strictly and product instances validate (801.77425ms)
✔ conformance rejects wrong partitions, duplicate coordinates, and incomplete absence records (42964.736333ms)
✔ every abstract durable row is complete and validates against its exact product-row schema (681.944833ms)
✔ event mutation is append-only and advances the product event chain, committed head, and anchor atomically (157.656208ms)
✔ each RETENTION vector proves its distinct V5 qualification, policy, sweep, deletion, batch, crash, and restore semantics (135.590917ms)
✔ operation, schema-ref, tool, error and vector inventories are exact (87.381417ms)
✔ every canonical fixture request validates against its declared exact operation schema (211.056542ms)
✔ request and activity rows bind exact request bytes and complete-success result bytes (211.115542ms)
✔ Q21 and Q22 fixture embodiment has exact closed shape, lineage, aliases and counts (246.301625ms)
✔ fixture wire bytes and every exposed digest are independently reproducible (705.30075ms)
✔ every exposed fixture-domain derivation uses an authorized V15 tag and its exact unprefixed preimage (1233.129459ms)
✔ declared mutation sets are canonical and equal the actual durable and physical diff (263.182416ms)
✔ global-event and observed-sink cross-products are exact (97.048417ms)
✔ redaction schema negatives have no response and serializer/sink cases stay closed and unique (104.573875ms)
✔ all RESTORE cases carry exact recovery, publication, invalidation, and physical disposition evidence (166.984166ms)
✔ Q17, Q18, mapping.add and restart-stale cursor semantics are exact (104.605083ms)
✔ session auth-epoch admission and closed-session reuse fail before durable request creation (85.575166ms)
✔ cursor continuations are non-null, REQUEST cases are durable, and RSR prestates remain distinct (151.207833ms)
✔ credential and entropy oracles implement the exact RATE, GLOBAL-EVENT, and COLLISION programs (134.90075ms)
✔ all seven credential-auth non-enumeration cases charge only the exact auth-failure buckets (130.376709ms)
✔ all nine BACKUP leaves bind verification, protected manifest, temporary deletion, publication, and replay semantics (139.643166ms)
✔ all 22 credential issue/rotate leaves bind product credentials, receipts, handoff dispositions, replay, sessions, and stale work (136.775125ms)
✔ all 20 non-Q18 RACE leaves prove their distinct final-gate, competing mutation, crash cut, wire, and product-row effects (268.368542ms)
✔ all 39 BOOTSTRAP leaves use the ratified product-state vocabulary and prove distinct source, plan, handoff, publication, and recovery semantics (128.38475ms)
✔ all seven TIMESTAMP leaves validate distinct exact inputs at the schema, range, or Gregorian stage (130.724334ms)
✔ all 37 ACTIVITY metadata leaves bind the exact metadata value, key count, byte count, and persistence outcome (120.379ms)
✔ all 18 policy/dependency/transport leaves prove their exact reasons, ordered decisions, traces, boundary, and persistence (107.268875ms)
✔ collision candidates bind an existing owning product row and never commit (131.280042ms)
✔ Q23 rational accumulator is integer exact and restart preserving (149.221417ms)
✔ canonical identifiers, cursors, bootstrap and secret results fail closed (99.61775ms)
✔ two fresh roots, execution-backed receipts, and deterministic tar are valid (45021.075333ms)
✔ diff is all-and-only allowed and protected paths are byte-identical (83.904584ms)
✔ generated and qualification inputs contain no secret material (130.966792ms)
✔ hosted workflow freezes all-and-only 11 jobs and artifacts (4.063625ms)
ℹ tests 35
ℹ suites 0
ℹ pass 35
ℹ fail 0
ℹ cancelled 0
ℹ skipped 0
ℹ todo 0
ℹ duration_ms 100321.567792
