✔ generator check and exact manifest closure (8068.1001ms)
✔ all schemas compile strictly and product instances validate (912.7645ms)
✔ conformance rejects wrong partitions, duplicate coordinates, and incomplete absence records (29514.8813ms)
✔ every abstract durable row is complete and validates against its exact product-row schema (593.1182ms)
✔ event mutation is append-only and advances the product event chain, committed head, and anchor atomically (115.3339ms)
✔ each RETENTION vector proves its distinct V5 qualification, policy, sweep, deletion, batch, crash, and restore semantics (118.1745ms)
✔ operation, schema-ref, tool, error and vector inventories are exact (84.5844ms)
✔ every canonical fixture request validates against its declared exact operation schema (207.2414ms)
✔ request and activity rows bind exact request bytes and complete-success result bytes (252.1862ms)
✔ Q21 and Q22 fixture embodiment has exact closed shape, lineage, aliases and counts (182.3651ms)
✔ fixture wire bytes and every exposed digest are independently reproducible (671.0437ms)
✔ every exposed fixture-domain derivation uses an authorized V15 tag and its exact unprefixed preimage (1285.7505ms)
✔ declared mutation sets are canonical and equal the actual durable and physical diff (302.2983ms)
✔ global-event and observed-sink cross-products are exact (111.7971ms)
✔ redaction schema negatives have no response and serializer/sink cases stay closed and unique (119.9922ms)
✔ all RESTORE cases carry exact recovery, publication, invalidation, and physical disposition evidence (171.736ms)
✔ Q17, Q18, mapping.add and restart-stale cursor semantics are exact (121.7864ms)
✔ session auth-epoch admission and closed-session reuse fail before durable request creation (102.3526ms)
✔ cursor continuations are non-null, REQUEST cases are durable, and RSR prestates remain distinct (113.6606ms)
✔ credential and entropy oracles implement the exact RATE, GLOBAL-EVENT, and COLLISION programs (100.382ms)
✔ all seven credential-auth non-enumeration cases charge only the exact auth-failure buckets (98.7959ms)
✔ all nine BACKUP leaves bind verification, protected manifest, temporary deletion, publication, and replay semantics (103.7696ms)
✔ all 22 credential issue/rotate leaves bind product credentials, receipts, handoff dispositions, replay, sessions, and stale work (106.9836ms)
✔ all 20 non-Q18 RACE leaves prove their distinct final-gate, competing mutation, crash cut, wire, and product-row effects (231.5636ms)
✔ all 39 BOOTSTRAP leaves use the ratified product-state vocabulary and prove distinct source, plan, handoff, publication, and recovery semantics (133.9644ms)
✔ all seven TIMESTAMP leaves validate distinct exact inputs at the schema, range, or Gregorian stage (103.5205ms)
✔ all 37 ACTIVITY metadata leaves bind the exact metadata value, key count, byte count, and persistence outcome (117.4476ms)
✔ all 18 policy/dependency/transport leaves prove their exact reasons, ordered decisions, traces, boundary, and persistence (105.6417ms)
✔ collision candidates bind an existing owning product row and never commit (110.5204ms)
✔ Q23 rational accumulator is integer exact and restart preserving (106.9192ms)
✔ canonical identifiers, cursors, bootstrap and secret results fail closed (74.2834ms)
✔ two fresh roots, execution-backed receipts, and deterministic tar are valid (77222.5788ms)
✔ diff is all-and-only allowed and protected paths are byte-identical (45.5111ms)
✔ generated and qualification inputs contain no secret material (84.686ms)
✔ hosted workflow freezes all-and-only 11 jobs and artifacts (4.037ms)
ℹ tests 35
ℹ suites 0
ℹ pass 35
ℹ fail 0
ℹ cancelled 0
ℹ skipped 0
ℹ todo 0
ℹ duration_ms 121974.8295
