✔ generator check and exact manifest closure (8612.5828ms)
✔ all schemas compile strictly and product instances validate (1403.2191ms)
✔ conformance rejects wrong partitions, duplicate coordinates, and incomplete absence records (36655.5038ms)
✔ every abstract durable row is complete and validates against its exact product-row schema (644.8646ms)
✔ event mutation is append-only and advances the product event chain, committed head, and anchor atomically (127.318ms)
✔ each RETENTION vector proves its distinct V5 qualification, policy, sweep, deletion, batch, crash, and restore semantics (141.8747ms)
✔ operation, schema-ref, tool, error and vector inventories are exact (84.808ms)
✔ every canonical fixture request validates against its declared exact operation schema (262.79ms)
✔ request and activity rows bind exact request bytes and complete-success result bytes (293.2079ms)
✔ Q21 and Q22 fixture embodiment has exact closed shape, lineage, aliases and counts (233.1466ms)
✔ fixture wire bytes and every exposed digest are independently reproducible (834.5469ms)
✔ every exposed fixture-domain derivation uses an authorized V15 tag and its exact unprefixed preimage (1601.6277ms)
✔ declared mutation sets are canonical and equal the actual durable and physical diff (386.5266ms)
✔ global-event and observed-sink cross-products are exact (131.21ms)
✔ redaction schema negatives have no response and serializer/sink cases stay closed and unique (133.4972ms)
✔ all RESTORE cases carry exact recovery, publication, invalidation, and physical disposition evidence (223.3764ms)
✔ Q17, Q18, mapping.add and restart-stale cursor semantics are exact (156.7213ms)
✔ session auth-epoch admission and closed-session reuse fail before durable request creation (125.4461ms)
✔ cursor continuations are non-null, REQUEST cases are durable, and RSR prestates remain distinct (171.7037ms)
✔ credential and entropy oracles implement the exact RATE, GLOBAL-EVENT, and COLLISION programs (122.4543ms)
✔ all seven credential-auth non-enumeration cases charge only the exact auth-failure buckets (146.7547ms)
✔ all nine BACKUP leaves bind verification, protected manifest, temporary deletion, publication, and replay semantics (141.8304ms)
✔ all 22 credential issue/rotate leaves bind product credentials, receipts, handoff dispositions, replay, sessions, and stale work (153.5797ms)
✔ all 20 non-Q18 RACE leaves prove their distinct final-gate, competing mutation, crash cut, wire, and product-row effects (279.7668ms)
✔ all 39 BOOTSTRAP leaves use the ratified product-state vocabulary and prove distinct source, plan, handoff, publication, and recovery semantics (169.0495ms)
✔ all seven TIMESTAMP leaves validate distinct exact inputs at the schema, range, or Gregorian stage (123.2058ms)
✔ all 37 ACTIVITY metadata leaves bind the exact metadata value, key count, byte count, and persistence outcome (169.1786ms)
✔ all 18 policy/dependency/transport leaves prove their exact reasons, ordered decisions, traces, boundary, and persistence (132.9044ms)
✔ collision candidates bind an existing owning product row and never commit (139.5087ms)
✔ Q23 rational accumulator is integer exact and restart preserving (137.5553ms)
✔ canonical identifiers, cursors, bootstrap and secret results fail closed (104.7224ms)
✔ two fresh roots, execution-backed receipts, and deterministic tar are valid (83165.107ms)
✔ diff is all-and-only allowed and protected paths are byte-identical (53.5233ms)
✔ generated and qualification inputs contain no secret material (83.3065ms)
✔ hosted workflow freezes all-and-only 11 jobs and artifacts (8.4433ms)
ℹ tests 35
ℹ suites 0
ℹ pass 35
ℹ fail 0
ℹ cancelled 0
ℹ skipped 0
ℹ todo 0
ℹ duration_ms 137534.6721
