$ "C:/Users/Oden/AppData/Local/Programs/pi-agent/node.exe" --test test/canonical-cbor.test.mjs
exit_code: 1
✔ null has the fixed canonical bytes and decodes as a typed node (2.2974ms)
✔ boolean values preserve their distinct canonical encodings (0.7242ms)
✔ bigint integers cover shortest heads and the unsigned64 domain (0.963ms)
✔ floats retain their type and use shortest exact half single or double bytes (0.8156ms)
✔ byte strings preserve source bytes separately from text (0.5549ms)
✖ text validates strict UTF8 NFC and well-formed UTF16 without stripping BOM (0.3022ms)
ℹ tests 6
ℹ suites 0
ℹ pass 5
ℹ fail 1
ℹ cancelled 0
ℹ skipped 0
ℹ todo 0
ℹ duration_ms 119.1634

✖ failing tests:

test at test\canonical-cbor.test.mjs:62:1
✖ text validates strict UTF8 NFC and well-formed UTF16 without stripping BOM (0.3022ms)
  Error [CanonicalCborError]: unsupported_node
      at fail (file:///C:/Users/Oden/Documents/github/GKOS-Engine/dist/canonical-cbor.mjs:12:9)
      at encodeCanonicalCbor (file:///C:/Users/Oden/Documents/github/GKOS-Engine/dist/canonical-cbor.mjs:73:3)
      at TestContext.<anonymous> (file:///C:/Users/Oden/Documents/github/GKOS-Engine/test/canonical-cbor.test.mjs:64:22)
      at Test.runInAsyncScope (node:async_hooks:227:14)
      at Test.run (node:internal/test_runner/test:1402:25)
      at Test.processPendingSubtests (node:internal/test_runner/test:974:18)
      at Test.postRun (node:internal/test_runner/test:1542:19)
      at Test.run (node:internal/test_runner/test:1467:12)
      at async Test.processPendingSubtests (node:internal/test_runner/test:974:7) {
    reason: 'unsupported_node',
    code: 'GKOS-GATE-L6-001',
    requirementId: 'GKOS-CANON-001'
  }