$ "C:/Users/Oden/AppData/Local/Programs/pi-agent/node.exe" --test test/canonical-cbor.test.mjs
exit_code: 1
✖ null has the fixed canonical bytes and decodes as a typed node (3.5729ms)
ℹ tests 1
ℹ suites 0
ℹ pass 0
ℹ fail 1
ℹ cancelled 0
ℹ skipped 0
ℹ todo 0
ℹ duration_ms 187.0286

✖ failing tests:

test at test\canonical-cbor.test.mjs:13:1
✖ null has the fixed canonical bytes and decodes as a typed node (3.5729ms)
  AssertionError [ERR_ASSERTION]: private canonical-CBOR encoder missing
  + actual - expected
  
  + 'undefined'
  - 'function'
  
      at TestContext.<anonymous> (file:///C:/Users/Oden/Documents/github/GKOS-Engine/test/canonical-cbor.test.mjs:14:10)
      at Test.runInAsyncScope (node:async_hooks:227:14)
      at Test.run (node:internal/test_runner/test:1402:25)
      at Test.start (node:internal/test_runner/test:1262:17)
      at startSubtestAfterBootstrap (node:internal/test_runner/harness:387:17) {
    generatedMessage: false,
    code: 'ERR_ASSERTION',
    actual: 'undefined',
    expected: 'function',
    operator: 'strictEqual',
    diff: 'simple'
  }