$ "C:/Users/Oden/AppData/Local/Programs/pi-agent/node.exe" --test test/canonical-cbor.test.mjs
exit_code: 1
✔ null has the fixed canonical bytes and decodes as a typed node (7.2564ms)
✔ boolean values preserve their distinct canonical encodings (1.1629ms)
✔ bigint integers cover shortest heads and the unsigned64 domain (1.6239ms)
✔ floats retain their type and use shortest exact half single or double bytes (3.3837ms)
✔ byte strings preserve source bytes separately from text (1.7366ms)
✔ text validates strict UTF8 NFC and well-formed UTF16 without stripping BOM (3.2142ms)
✔ text fails closed when the actual runtime Unicode17 capability is unavailable (588.7696ms)
✔ arrays preserve order and distinguish empty null and integral float (1.5185ms)
✔ maps sort encoded text-key bytes without mutating entries and refuse duplicates or disorder (2.845ms)
✔ binary and typed boundaries reject malformed unsupported values (2.4799ms)
✔ encoded-byte hard limit is enforced before allocating oversized payloads (56.1011ms)
✔ nesting depth is bounded with root depth zero (4.2823ms)
✔ total value-node budget includes map keys and preflights declared lengths (102.0953ms)
✔ cyclic inputs are refused explicitly while shared acyclic subtrees are allowed (0.7343ms)
✖ explicit canonical timestamps enforce Gregorian dates and exact UTC microsecond grammar (4.3933ms)
ℹ tests 15
ℹ suites 0
ℹ pass 14
ℹ fail 1
ℹ cancelled 0
ℹ skipped 0
ℹ todo 0
ℹ duration_ms 986.6464

✖ failing tests:

test at test\canonical-cbor.test.mjs:163:1
✖ explicit canonical timestamps enforce Gregorian dates and exact UTC microsecond grammar (4.3933ms)
  AssertionError [ERR_ASSERTION]: Expected values to be strictly equal:
  + actual - expected
  
  + 'undefined'
  - 'function'
  
      at TestContext.<anonymous> (file:///C:/Users/Oden/Documents/github/GKOS-Engine/test/canonical-cbor.test.mjs:165:10)
      at Test.runInAsyncScope (node:async_hooks:227:14)
      at Test.run (node:internal/test_runner/test:1402:25)
      at Test.processPendingSubtests (node:internal/test_runner/test:974:18)
      at Test.postRun (node:internal/test_runner/test:1542:19)
      at Test.run (node:internal/test_runner/test:1467:12)
      at async Test.processPendingSubtests (node:internal/test_runner/test:974:7) {
    generatedMessage: true,
    code: 'ERR_ASSERTION',
    actual: 'undefined',
    expected: 'function',
    operator: 'strictEqual',
    diff: 'simple'
  }