$ GKOS_NORMALIZATION_TEST_PATH='C:/Users/Oden/AppData/Local/hermes/cache/scratch/NormalizationTest-17.0.0.txt' "C:/Users/Oden/AppData/Local/Programs/pi-agent/node.exe" --test --test-reporter=tap test/canonical-cbor.test.mjs
exit_code: 0
TAP version 13
# Subtest: null has the fixed canonical bytes and decodes as a typed node
ok 1 - null has the fixed canonical bytes and decodes as a typed node
  ---
  duration_ms: 4.2899
  type: 'test'
  ...
# Subtest: boolean values preserve their distinct canonical encodings
ok 2 - boolean values preserve their distinct canonical encodings
  ---
  duration_ms: 0.8762
  type: 'test'
  ...
# Subtest: bigint integers cover shortest heads and the unsigned64 domain
ok 3 - bigint integers cover shortest heads and the unsigned64 domain
  ---
  duration_ms: 1.2185
  type: 'test'
  ...
# Subtest: floats retain their type and use shortest exact half single or double bytes
ok 4 - floats retain their type and use shortest exact half single or double bytes
  ---
  duration_ms: 1.3697
  type: 'test'
  ...
# Subtest: byte strings preserve source bytes separately from text
ok 5 - byte strings preserve source bytes separately from text
  ---
  duration_ms: 0.7157
  type: 'test'
  ...
# Subtest: text validates strict UTF8 NFC and well-formed UTF16 without stripping BOM
ok 6 - text validates strict UTF8 NFC and well-formed UTF16 without stripping BOM
  ---
  duration_ms: 0.9029
  type: 'test'
  ...
# Subtest: text fails closed when the actual runtime Unicode17 capability is unavailable
ok 7 - text fails closed when the actual runtime Unicode17 capability is unavailable
  ---
  duration_ms: 310.4294
  type: 'test'
  ...
# Subtest: arrays preserve order and distinguish empty null and integral float
ok 8 - arrays preserve order and distinguish empty null and integral float
  ---
  duration_ms: 0.7586
  type: 'test'
  ...
# Subtest: maps sort encoded text-key bytes without mutating entries and refuse duplicates or disorder
ok 9 - maps sort encoded text-key bytes without mutating entries and refuse duplicates or disorder
  ---
  duration_ms: 2.1878
  type: 'test'
  ...
# Subtest: binary and typed boundaries reject malformed unsupported values
ok 10 - binary and typed boundaries reject malformed unsupported values
  ---
  duration_ms: 1.0358
  type: 'test'
  ...
# Subtest: encoded-byte hard limit is enforced before allocating oversized payloads
ok 11 - encoded-byte hard limit is enforced before allocating oversized payloads
  ---
  duration_ms: 25.3649
  type: 'test'
  ...
# Subtest: nesting depth is bounded with root depth zero
ok 12 - nesting depth is bounded with root depth zero
  ---
  duration_ms: 1.6637
  type: 'test'
  ...
# Subtest: total value-node budget includes map keys and preflights declared lengths
ok 13 - total value-node budget includes map keys and preflights declared lengths
  ---
  duration_ms: 63.6991
  type: 'test'
  ...
# Subtest: cyclic inputs are refused explicitly while shared acyclic subtrees are allowed
ok 14 - cyclic inputs are refused explicitly while shared acyclic subtrees are allowed
  ---
  duration_ms: 0.4596
  type: 'test'
  ...
# Subtest: explicit canonical timestamps enforce Gregorian dates and exact UTC microsecond grammar
ok 15 - explicit canonical timestamps enforce Gregorian dates and exact UTC microsecond grammar
  ---
  duration_ms: 0.6535
  type: 'test'
  ...
# Subtest: digest hashes only verified canonical bytes and labels the bounded profile
ok 16 - digest hashes only verified canonical bytes and labels the bounded profile
  ---
  duration_ms: 1.4548
  type: 'test'
  ...
# Subtest: shared positive: null
ok 17 - shared positive: null
  ---
  duration_ms: 0.1837
  type: 'test'
  ...
# Subtest: shared positive: false
ok 18 - shared positive: false
  ---
  duration_ms: 0.1563
  type: 'test'
  ...
# Subtest: shared positive: true
ok 19 - shared positive: true
  ---
  duration_ms: 0.0706
  type: 'test'
  ...
# Subtest: shared positive: zero
ok 20 - shared positive: zero
  ---
  duration_ms: 0.0659
  type: 'test'
  ...
# Subtest: shared positive: 24
ok 21 - shared positive: 24
  ---
  duration_ms: 0.0617
  type: 'test'
  ...
# Subtest: shared positive: uint64 max
ok 22 - shared positive: uint64 max
  ---
  duration_ms: 0.0796
  type: 'test'
  ...
# Subtest: shared positive: minus one
ok 23 - shared positive: minus one
  ---
  duration_ms: 0.0702
  type: 'test'
  ...
# Subtest: shared positive: int negative64 edge
ok 24 - shared positive: int negative64 edge
  ---
  duration_ms: 0.0571
  type: 'test'
  ...
# Subtest: shared positive: float integral
ok 25 - shared positive: float integral
  ---
  duration_ms: 0.0584
  type: 'test'
  ...
# Subtest: shared positive: half 1.5
ok 26 - shared positive: half 1.5
  ---
  duration_ms: 0.0558
  type: 'test'
  ...
# Subtest: shared positive: single 100000
ok 27 - shared positive: single 100000
  ---
  duration_ms: 0.1326
  type: 'test'
  ...
# Subtest: shared positive: double 1.1
ok 28 - shared positive: double 1.1
  ---
  duration_ms: 0.0761
  type: 'test'
  ...
# Subtest: shared positive: empty text
ok 29 - shared positive: empty text
  ---
  duration_ms: 0.0844
  type: 'test'
  ...
# Subtest: shared positive: NFC text
ok 30 - shared positive: NFC text
  ---
  duration_ms: 0.0633
  type: 'test'
  ...
# Subtest: shared positive: preserved BOM
ok 31 - shared positive: preserved BOM
  ---
  duration_ms: 0.0574
  type: 'test'
  ...
# Subtest: shared positive: bytes
ok 32 - shared positive: bytes
  ---
  duration_ms: 0.1287
  type: 'test'
  ...
# Subtest: shared positive: empty array
ok 33 - shared positive: empty array
  ---
  duration_ms: 0.1764
  type: 'test'
  ...
# Subtest: shared positive: array type preservation
ok 34 - shared positive: array type preservation
  ---
  duration_ms: 0.1443
  type: 'test'
  ...
# Subtest: shared positive: empty map
ok 35 - shared positive: empty map
  ---
  duration_ms: 0.0895
  type: 'test'
  ...
# Subtest: shared positive: sorted map
ok 36 - shared positive: sorted map
  ---
  duration_ms: 0.5659
  type: 'test'
  ...
# Subtest: shared refusal: nonshort integer
ok 37 - shared refusal: nonshort integer
  ---
  duration_ms: 0.26
  type: 'test'
  ...
# Subtest: shared refusal: indefinite
ok 38 - shared refusal: indefinite
  ---
  duration_ms: 0.1055
  type: 'test'
  ...
# Subtest: shared refusal: duplicate map
ok 39 - shared refusal: duplicate map
  ---
  duration_ms: 0.1393
  type: 'test'
  ...
# Subtest: shared refusal: unsorted map
ok 40 - shared refusal: unsorted map
  ---
  duration_ms: 0.0884
  type: 'test'
  ...
# Subtest: shared refusal: negative zero
ok 41 - shared refusal: negative zero
  ---
  duration_ms: 0.0957
  type: 'test'
  ...
# Subtest: shared refusal: NaN
ok 42 - shared refusal: NaN
  ---
  duration_ms: 0.078
  type: 'test'
  ...
# Subtest: shared refusal: infinity
ok 43 - shared refusal: infinity
  ---
  duration_ms: 0.0771
  type: 'test'
  ...
# Subtest: shared refusal: float nonshort
ok 44 - shared refusal: float nonshort
  ---
  duration_ms: 0.7204
  type: 'test'
  ...
# Subtest: shared refusal: bad utf8
ok 45 - shared refusal: bad utf8
  ---
  duration_ms: 0.1451
  type: 'test'
  ...
# Subtest: shared refusal: nonNFC
ok 46 - shared refusal: nonNFC
  ---
  duration_ms: 0.1093
  type: 'test'
  ...
# Subtest: shared refusal: trailing value
ok 47 - shared refusal: trailing value
  ---
  duration_ms: 0.0783
  type: 'test'
  ...
# Subtest: shared refusal: truncated text
ok 48 - shared refusal: truncated text
  ---
  duration_ms: 0.1561
  type: 'test'
  ...
# Subtest: shared refusal: undeclared key type
ok 49 - shared refusal: undeclared key type
  ---
  duration_ms: 0.1026
  type: 'test'
  ...
# Subtest: all binary16 patterns preserve exact finite float bits or refuse prohibited values
ok 50 - all binary16 patterns preserve exact finite float bits or refuse prohibited values
  ---
  duration_ms: 301.756
  type: 'test'
  ...
# {"binary16_patterns":65536,"accepted":63487,"refused":2049}
# Subtest: official pinned Unicode17 normalization vectors execute through both text boundaries
ok 51 - official pinned Unicode17 normalization vectors execute through both text boundaries
  ---
  duration_ms: 2878.1122
  type: 'test'
  ...
# {"unicode":"17.0","normalization_rows":20034,"normalization_invariants":400680,"codec_text_cases":100170,"accepted":68937,"refused":31233}
# Subtest: sparse map-entry arrays cannot bypass structured malformed-input refusal
ok 52 - sparse map-entry arrays cannot bypass structured malformed-input refusal
  ---
  duration_ms: 0.3868
  type: 'test'
  ...
# Subtest: digest validates and hashes one defensive snapshot rather than mutable caller bytes
ok 53 - digest validates and hashes one defensive snapshot rather than mutable caller bytes
  ---
  duration_ms: 0.4913
  type: 'test'
  ...
# Subtest: deterministic binary32 and binary64 bit inputs choose exact width without numeric type coercion
ok 54 - deterministic binary32 and binary64 bit inputs choose exact width without numeric type coercion
  ---
  duration_ms: 169.292
  type: 'test'
  ...
# {"float_bit_patterns":20000,"checked":19954,"prohibited":46}
# Subtest: deterministic arbitrary CBOR bytes either reencode identically or produce registered refusal
ok 55 - deterministic arbitrary CBOR bytes either reencode identically or produce registered refusal
  ---
  duration_ms: 54.2295
  type: 'test'
  ...
# {"arbitrary_cbor_cases":2000,"accepted":0,"refused":2000}
# Subtest: canonical assembly is repeatable and cannot conflate absent empty and null entries
ok 56 - canonical assembly is repeatable and cannot conflate absent empty and null entries
  ---
  duration_ms: 1.0785
  type: 'test'
  ...
# Subtest: the development codec is additive and does not alter public exports or legacy canonical JSON
ok 57 - the development codec is additive and does not alter public exports or legacy canonical JSON
  ---
  duration_ms: 13.2188
  type: 'test'
  ...
1..57
# tests 57
# suites 0
# pass 57
# fail 0
# cancelled 0
# skipped 0
# todo 0
# duration_ms 4144.8538