✔ generator check and exact manifest closure (4606.57096ms)
✔ all schemas compile strictly and product instances validate (979.646128ms)
✔ conformance rejects wrong partitions, duplicate coordinates, and incomplete absence records (33150.292697ms)
✔ every abstract durable row is complete and validates against its exact product-row schema (596.263234ms)
✔ event mutation is append-only and advances the product event chain, committed head, and anchor atomically (125.481125ms)
✔ each RETENTION vector proves its distinct V5 qualification, policy, sweep, deletion, batch, crash, and restore semantics (124.616521ms)
✔ operation, schema-ref, tool, error and vector inventories are exact (71.054467ms)
✔ every canonical fixture request validates against its declared exact operation schema (227.344428ms)
✔ request and activity rows bind exact request bytes and complete-success result bytes (238.963989ms)
✔ Q21 and Q22 fixture embodiment has exact closed shape, lineage, aliases and counts (194.600174ms)
✔ fixture wire bytes and every exposed digest are independently reproducible (634.152592ms)
✔ every exposed fixture-domain derivation uses an authorized V15 tag and its exact unprefixed preimage (1233.012168ms)
✔ declared mutation sets are canonical and equal the actual durable and physical diff (329.511009ms)
✔ global-event and observed-sink cross-products are exact (107.958058ms)
✔ redaction schema negatives have no response and serializer/sink cases stay closed and unique (115.381726ms)
✔ all RESTORE cases carry exact recovery, publication, invalidation, and physical disposition evidence (190.656175ms)
✔ Q17, Q18, mapping.add and restart-stale cursor semantics are exact (136.070788ms)
✔ session auth-epoch admission and closed-session reuse fail before durable request creation (107.09616ms)
✔ cursor continuations are non-null, REQUEST cases are durable, and RSR prestates remain distinct (148.147111ms)
✔ credential and entropy oracles implement the exact RATE, GLOBAL-EVENT, and COLLISION programs (107.043385ms)
✔ all seven credential-auth non-enumeration cases charge only the exact auth-failure buckets (123.465697ms)
✔ all nine BACKUP leaves bind verification, protected manifest, temporary deletion, publication, and replay semantics (128.340318ms)
✔ all 22 credential issue/rotate leaves bind product credentials, receipts, handoff dispositions, replay, sessions, and stale work (135.031602ms)
✔ all 20 non-Q18 RACE leaves prove their distinct final-gate, competing mutation, crash cut, wire, and product-row effects (262.627764ms)
✔ all 39 BOOTSTRAP leaves use the ratified product-state vocabulary and prove distinct source, plan, handoff, publication, and recovery semantics (140.990287ms)
✔ all seven TIMESTAMP leaves validate distinct exact inputs at the schema, range, or Gregorian stage (107.132875ms)
✔ all 37 ACTIVITY metadata leaves bind the exact metadata value, key count, byte count, and persistence outcome (152.311312ms)
✔ all 18 policy/dependency/transport leaves prove their exact reasons, ordered decisions, traces, boundary, and persistence (119.416115ms)
✔ collision candidates bind an existing owning product row and never commit (124.126884ms)
✔ Q23 rational accumulator is integer exact and restart preserving (121.129735ms)
✔ canonical identifiers, cursors, bootstrap and secret results fail closed (95.484565ms)
✔ two fresh roots, execution-backed receipts, and deterministic tar are valid (45569.209227ms)
✔ diff is all-and-only allowed and protected paths are byte-identical (46.793949ms)
✔ generated and qualification inputs contain no secret material (80.437244ms)
✔ hosted workflow freezes all-and-only 11 jobs and artifacts (4.076301ms)
ℹ tests 35
ℹ suites 0
ℹ pass 35
ℹ fail 0
ℹ cancelled 0
ℹ skipped 0
ℹ todo 0
ℹ duration_ms 90789.163211
