
> gkos-engine@2.2.0 prepare
> node scripts/build.mjs

built dist/gkos-engine.mjs
built dist/adapter.mjs
built dist/gkx.mjs
built dist/graphiti-adapter.mjs
built dist/navigation.mjs
built dist/service.mjs
built dist/navigation-effects.mjs
built dist/governance.mjs
built dist/admission-policy.mjs
built dist/service-node.mjs
built dist/service-stdio.mjs
built dist/retrieval.mjs
built dist/retrieval-host.mjs
built dist/retrieval-path-security.mjs
built dist/retrieval-evaluation-host.mjs
built dist/ingest-host.mjs
built dist/ingest-source-scan.mjs
built dist/watcher-contracts.mjs
built dist/watcher-host.mjs
built dist/gkos-desktop-agent.mjs
built dist/gkos-desktop-agent.cjs
built dist/navigation-effects-node.mjs
built dist/*.d.ts

added 13 packages, and audited 14 packages in 5s

2 packages are looking for funding
  run `npm fund` for details

found 0 vulnerabilities
npm warn allow-scripts 1 package has install scripts not yet covered by allowScripts:
npm warn allow-scripts   esbuild@0.28.1 (postinstall: node install.js)
npm warn allow-scripts
npm warn allow-scripts Run `npm approve-scripts --allow-scripts-pending` to review, or `npm approve-scripts <pkg>` to allow.
