✔ generator check and exact manifest closure (6910.7422ms)
✔ all schemas compile strictly and product instances validate (967.745ms)
✔ conformance rejects wrong partitions, duplicate coordinates, and incomplete absence records (25964.8432ms)
✔ every abstract durable row is complete and validates against its exact product-row schema (536.8511ms)
✔ event mutation is append-only and advances the product event chain, committed head, and anchor atomically (94.9955ms)
✔ each RETENTION vector proves its distinct V5 qualification, policy, sweep, deletion, batch, crash, and restore semantics (103.3177ms)
✔ operation, schema-ref, tool, error and vector inventories are exact (64.0146ms)
✔ every canonical fixture request validates against its declared exact operation schema (196.5269ms)
✔ request and activity rows bind exact request bytes and complete-success result bytes (205.6181ms)
✔ Q21 and Q22 fixture embodiment has exact closed shape, lineage, aliases and counts (179.9639ms)
✔ fixture wire bytes and every exposed digest are independently reproducible (612.2232ms)
✔ every exposed fixture-domain derivation uses an authorized V15 tag and its exact unprefixed preimage (1179.8142ms)
✔ declared mutation sets are canonical and equal the actual durable and physical diff (279.5536ms)
✔ global-event and observed-sink cross-products are exact (96.7742ms)
✔ redaction schema negatives have no response and serializer/sink cases stay closed and unique (103.3649ms)
✔ all RESTORE cases carry exact recovery, publication, invalidation, and physical disposition evidence (169.3711ms)
✔ Q17, Q18, mapping.add and restart-stale cursor semantics are exact (109.3562ms)
✔ session auth-epoch admission and closed-session reuse fail before durable request creation (88.8275ms)
✔ cursor continuations are non-null, REQUEST cases are durable, and RSR prestates remain distinct (124.5942ms)
✔ credential and entropy oracles implement the exact RATE, GLOBAL-EVENT, and COLLISION programs (98.9583ms)
✔ all seven credential-auth non-enumeration cases charge only the exact auth-failure buckets (94.6955ms)
✔ all nine BACKUP leaves bind verification, protected manifest, temporary deletion, publication, and replay semantics (106.7651ms)
✔ all 22 credential issue/rotate leaves bind product credentials, receipts, handoff dispositions, replay, sessions, and stale work (114.5252ms)
✔ all 20 non-Q18 RACE leaves prove their distinct final-gate, competing mutation, crash cut, wire, and product-row effects (222.7386ms)
✔ all 39 BOOTSTRAP leaves use the ratified product-state vocabulary and prove distinct source, plan, handoff, publication, and recovery semantics (121.6998ms)
✔ all seven TIMESTAMP leaves validate distinct exact inputs at the schema, range, or Gregorian stage (88.6995ms)
✔ all 37 ACTIVITY metadata leaves bind the exact metadata value, key count, byte count, and persistence outcome (124.706ms)
✔ all 18 policy/dependency/transport leaves prove their exact reasons, ordered decisions, traces, boundary, and persistence (103.5053ms)
✔ collision candidates bind an existing owning product row and never commit (99.7977ms)
✔ Q23 rational accumulator is integer exact and restart preserving (102.932ms)
✔ canonical identifiers, cursors, bootstrap and secret results fail closed (82.8254ms)
✔ two fresh roots, execution-backed receipts, and deterministic tar are valid (64378.0729ms)
✔ diff is all-and-only allowed and protected paths are byte-identical (57.5555ms)
✔ generated and qualification inputs contain no secret material (72.9306ms)
✔ hosted workflow freezes all-and-only 11 jobs and artifacts (3.2681ms)
ℹ tests 35
ℹ suites 0
ℹ pass 35
ℹ fail 0
ℹ cancelled 0
ℹ skipped 0
ℹ todo 0
ℹ duration_ms 104010.5124
