✔ generator check and exact manifest closure (4716.980001ms)
✔ all schemas compile strictly and product instances validate (1062.608099ms)
✔ conformance rejects wrong partitions, duplicate coordinates, and incomplete absence records (35310.372945ms)
✔ every abstract durable row is complete and validates against its exact product-row schema (641.49404ms)
✔ event mutation is append-only and advances the product event chain, committed head, and anchor atomically (135.96872ms)
✔ each RETENTION vector proves its distinct V5 qualification, policy, sweep, deletion, batch, crash, and restore semantics (112.766156ms)
✔ operation, schema-ref, tool, error and vector inventories are exact (67.381585ms)
✔ every canonical fixture request validates against its declared exact operation schema (204.785783ms)
✔ request and activity rows bind exact request bytes and complete-success result bytes (271.39934ms)
✔ Q21 and Q22 fixture embodiment has exact closed shape, lineage, aliases and counts (187.936873ms)
✔ fixture wire bytes and every exposed digest are independently reproducible (631.826617ms)
✔ every exposed fixture-domain derivation uses an authorized V15 tag and its exact unprefixed preimage (1281.469203ms)
✔ declared mutation sets are canonical and equal the actual durable and physical diff (290.799418ms)
✔ global-event and observed-sink cross-products are exact (109.124967ms)
✔ redaction schema negatives have no response and serializer/sink cases stay closed and unique (105.829956ms)
✔ all RESTORE cases carry exact recovery, publication, invalidation, and physical disposition evidence (183.842319ms)
✔ Q17, Q18, mapping.add and restart-stale cursor semantics are exact (125.681383ms)
✔ session auth-epoch admission and closed-session reuse fail before durable request creation (99.513762ms)
✔ cursor continuations are non-null, REQUEST cases are durable, and RSR prestates remain distinct (138.405853ms)
✔ credential and entropy oracles implement the exact RATE, GLOBAL-EVENT, and COLLISION programs (100.681208ms)
✔ all seven credential-auth non-enumeration cases charge only the exact auth-failure buckets (115.388854ms)
✔ all nine BACKUP leaves bind verification, protected manifest, temporary deletion, publication, and replay semantics (118.901954ms)
✔ all 22 credential issue/rotate leaves bind product credentials, receipts, handoff dispositions, replay, sessions, and stale work (130.375461ms)
✔ all 20 non-Q18 RACE leaves prove their distinct final-gate, competing mutation, crash cut, wire, and product-row effects (250.505189ms)
✔ all 39 BOOTSTRAP leaves use the ratified product-state vocabulary and prove distinct source, plan, handoff, publication, and recovery semantics (134.894348ms)
✔ all seven TIMESTAMP leaves validate distinct exact inputs at the schema, range, or Gregorian stage (100.727088ms)
✔ all 37 ACTIVITY metadata leaves bind the exact metadata value, key count, byte count, and persistence outcome (143.071143ms)
✔ all 18 policy/dependency/transport leaves prove their exact reasons, ordered decisions, traces, boundary, and persistence (110.048314ms)
✔ collision candidates bind an existing owning product row and never commit (114.599715ms)
✔ Q23 rational accumulator is integer exact and restart preserving (114.969249ms)
✔ canonical identifiers, cursors, bootstrap and secret results fail closed (98.197134ms)
✔ two fresh roots, execution-backed receipts, and deterministic tar are valid (46084.76331ms)
✔ diff is all-and-only allowed and protected paths are byte-identical (44.865445ms)
✔ generated and qualification inputs contain no secret material (82.121823ms)
✔ hosted workflow freezes all-and-only 11 jobs and artifacts (3.35295ms)
ℹ tests 35
ℹ suites 0
ℹ pass 35
ℹ fail 0
ℹ cancelled 0
ℹ skipped 0
ℹ todo 0
ℹ duration_ms 93583.952782
