✔ parser receipts cover projectionless notes, structured locations, and attachment non-applicability (35.9001ms)
✔ parser receipts survive metadata-only reuse, rename reuse, and transactional rollback (5.8687ms)
✔ note and attachment kind transitions reparse and converge with clean authority (3.3913ms)
✔ candidate ledger captures path multiplicity before compatibility maps and is permutation-stable (3.7022ms)
✔ candidate descriptors use parser-effective fields, SHA-256, and strict numeric preflight (2.4005ms)
✔ candidate authority is an immutable parse-time snapshot, not the compatibility record (1.151ms)
✔ scoped resolver uses exact frozen precedence, fallthrough, ambiguity stop, and scoped self (7.9613ms)
✔ future/unknown removal causes remain distinct and ordinary links remain evidence-only (1.7154ms)
✔ hidden candidates never alter future/unknown removal causes at any tier (0.2602ms)
✔ clean and incremental candidate ledgers converge across metadata changes and rename edge cases (3.0829ms)
✔ same-extension rename rebases every path-bound projection byte and extension changes require reparse (6.064ms)
✔ public parseSourceFile -> assembleGraph remains compatible and buildGraph shares duplicate representatives (9.4206ms)
✔ incremental active-set rejection is transactional across every observable surface (1.1558ms)
✔ full replacement rejection is transactional across every observable surface (1.3105ms)
✔ candidate receipts and scoped resolver capability are absent from ordinary public subpaths (7.1163ms)
✔ codeUnitCompare is locale-independent: 'z' sorts before 'ä' (2.024ms)
✔ emitted graph node order is code-unit order ('z.md' before 'ä.md') (9.6595ms)
✔ uniq'd aggregate tag list is code-unit ordered (ASCII tags before non-ASCII) (1.5946ms)
✔ two consecutive full builds of the same fixture are byte-identical (4.06ms)
✔ incremental edits preserve canonical link order and identities and converge with clean rebuild (7.0698ms)
✔ namespaced identifiers remain relationship targets but cannot be authored note UIDs (10.6386ms)
✔ GKX 2.3 nested parser preserves extensions and scalar types (1.0614ms)
✔ bundled GKX 2.3 policy hash matches its canonical deterministic input (0.5058ms)
✔ GKX 2.3 projection separates origins and scores documentation, not truth (1.0431ms)
✔ UID-first typed relationships resolve canonically and proposed edges stay non-effective (8.258ms)
✔ native 2.3 wikilink targets yield to flat Obsidian relationship corrections (6.339ms)
✔ duplicate UID reuse fails closed and is excluded from the UID index (3.5883ms)
✔ flat editable 2.3 profile validates and projects governance from flat properties (0.4753ms)
✔ missing sensitivity fails closed to secret by default and invalid sensitivity fails closed (2.1933ms)
✔ DIV-002: defaultSensitivity option is honored, validated, and never lowers an authored classification (1.3159ms)
✔ DIV-001: naive wall-clock created_at emits an GKX-TEMPORAL diagnostic (0.8096ms)
✔ DIV-003: invalid epistemic state falls back to unknown with defaulted-marking and retained diagnostic (1.6193ms)
✔ same-indent flat block sequence under a top-level key parses (0.2586ms)
✔ same-indent block sequence under a NESTED key parses (0.2367ms)
✔ mixed doc: same-indent list followed by another same-level key (0.2543ms)
✔ deeper-indent block sequence still parses unchanged (0.1647ms)
✔ flat 2.3 note with same-indent tags projects tags with zero schema errors (0.3357ms)
✔ refines/blocks/documents now project forward and generate inverse edges (was silently dropped) (2.6759ms)
✔ canonical YAML parser bounds inline recursion and rejects prototype keys without pollution (47.2309ms)
✔ canonical YAML parser rejects malformed flow, quotes, and numeric-looking unsupported scalars (0.3529ms)
✔ canonical YAML parser preserves spaced empty maps and trailing-comma sequence compatibility (0.4342ms)
✔ frontmatter delimiters, empty headers, physical line caps, BOM, and CRLF are exact (0.8262ms)
✔ valid public parser and projection envelopes retain their exact compatibility shape (0.3135ms)
✔ full load parses everything once (13.4336ms)
✔ edit one note -> exactly one reparse, unaffected notes untouched (5.8112ms)
✔ touch without content change -> zero reparses (hash gate) (4.0255ms)
✔ add one note -> one reparse + added node in delta (2.5061ms)
✔ delete one note -> removed node, zero reparses (2.8898ms)
✔ rename moves the cached record without reparsing (3.0293ms)
✔ batch rename that swaps two paths preserves both records (no clobber) (1.208ms)
✔ rename onto an existing out-of-batch path replaces the target (rename wins) (0.5392ms)
✔ add folder -> folder node appears (new galaxy candidate), no note reparses (1.8642ms)
✔ remove folder -> folder node disappears (2.557ms)
✔ add/delete attachment updates diagnostics without reparsing (3.6211ms)
✔ lineage change in ONE note re-derives temporal state for its partner (4.4481ms)
✔ Related footer change retags the link kind (4.0112ms)
✔ human edits to flat GKX labels and wikilinks update every graph projection incrementally (2.7333ms)
✔ structural threshold reports full rebuild for bulk changes (§10.2) (93.5611ms)
✔ CRITICAL: one-sided `supersedes` invalidates the predecessor (§3.1) (11.8081ms)
✔ one-sided `superseded_by` produces the same canonical lineage (3.4561ms)
✔ both sides declared -> ONE deduplicated canonical edge (2.3034ms)
✔ duplicate declarations warn but do not duplicate edges (1.5687ms)
✔ self-supersession is ignored with a warning (0.9935ms)
✔ cycles are detected and reported, graph survives (§3.5) (1.3854ms)
✔ unresolved lineage target warns and is skipped (0.6954ms)
✔ multiple direct successors preserve every branch; earliest valid time sets invalid_at without a winner (1.8121ms)
✔ successor timestamp earlier than predecessor remains a branch but cannot set invalid_at (0.9946ms)
✔ earliest temporally valid successor excludes an invalid earlier branch (1.4939ms)
✔ HEAD is derived from lineage participation, never from a frontmatter field (§3.4) (1.0365ms)
ℹ tests 69
ℹ suites 0
ℹ pass 69
ℹ fail 0
ℹ cancelled 0
ℹ skipped 0
ℹ todo 0
ℹ duration_ms 270.6454
