
> gkos-engine@2.2.0 pretest:navigation
> node scripts/build.mjs

built dist/gkos-engine.mjs
built dist/adapter.mjs
built dist/gkx.mjs
built dist/graphiti-adapter.mjs
built dist/navigation.mjs
built dist/service.mjs
built dist/navigation-effects.mjs
built dist/governance.mjs
built dist/admission-policy.mjs
built dist/service-node.mjs
built dist/service-stdio.mjs
built dist/retrieval.mjs
built dist/retrieval-host.mjs
built dist/retrieval-path-security.mjs
built dist/retrieval-evaluation-host.mjs
built dist/ingest-host.mjs
built dist/ingest-source-scan.mjs
built dist/watcher-contracts.mjs
built dist/watcher-host.mjs
built dist/gkos-desktop-agent.mjs
built dist/gkos-desktop-agent.cjs
built dist/navigation-effects-node.mjs
built dist/*.d.ts

> gkos-engine@2.2.0 test:navigation
> node --test test/governance.test.mjs test/navigation.test.mjs test/navigation-determinism.test.mjs test/navigation-architecture.test.mjs test/navigation-effects-contract.test.mjs test/navigation-effects-planner.test.mjs test/navigation-effects-node.test.mjs test/navigation-effects-performance.test.mjs test/navigation-effects-reconciliation.test.mjs test/navigation-effects-assistance.test.mjs test/navigation-effects-host.test.mjs test/navigation-cli.test.mjs test/public-api.test.mjs

✔ State-Change Receipt is a role embedded in the governed record (1.9144ms)
✔ receipt unavailable means no governed effect or successful claim (1.1351ms)
✔ invalid receipt-role fields fail closed (0.2153ms)
✔ durability failure never publishes state or committed receipt outcome (8.4593ms)
✔ commit transitions outcome only at the transactional publication boundary (2.1688ms)
✔ duplicate operation replay is exactly-once and conflicting replay is rejected (1.6972ms)
✔ optimistic head and digest preconditions are enforced (1.3501ms)
✔ NavigationCore cannot transitively reach filesystem mutation primitives (88.8423ms)
✔ framework-neutral Navigation Effects cannot transitively reach Node filesystem modules (102.4375ms)
✔ architecture gate proves it catches a transitive hidden writer (5.6695ms)
✔ deterministic Navigation modules contain no hidden wall clock, locale, random, or model source (5.0748ms)
✔ checker type and evaluator have no replacement-classification input (2.3273ms)
✔ Engine Navigation contract pack is mechanically integration-only (5.6672ms)
✔ pinned R15 traceability references only active allocated identifiers (1.7586ms)
✔ package exports and build products include Navigation, Governance, Retrieval, and contract packs (3.1384ms)
✔ 2.2.0 candidate metadata and documentation claims are synchronized (2.4849ms)
✔ all nav analysis commands emit stdout and leave source bytes untouched (623.4259ms)
✔ nav context never treats body or fenced-code keys as frontmatter (81.0529ms)
✔ nav context rejects duplicate public identities with stable code and no source metadata (89.3966ms)
✔ nav context rejects an invalid authored UID before successful projection (83.1454ms)
✔ recipient value alone never changes built-in public-only context eligibility (211.9652ms)
✔ nav mutation verbs and output/write flags are rejected (766.3702ms)
✔ reentry and promotion CLI commands create plans only (130.5195ms)
✔ all deterministic Navigation outputs are byte-identical under reordered enumeration (23.3263ms)
✔ deterministic assistance is stable under corpus reordering and binds exact bytes (21.0246ms)
✔ excludes archives, state and fail-closed sensitivity before model access (2.8568ms)
✔ rejects duplicate identities and collision paths; never resolves ambiguous basename (1.7524ms)
✔ provider is optional and cannot overwrite deterministic output (4.1955ms)
✔ invalid, unauthorized and oversized model output falls back without leaking errors (6.3598ms)
✔ timeout aborts provider and bounded request avoids sending any content (7.3292ms)
✔ startup reconciles before readiness, coalesces events and respects maximum delay (1.9366ms)
✔ inflight events remain durable and failed work retries (1.3036ms)
✔ overflow persists full intent, ignored paths do not enqueue, recovery blocks (0.6481ms)
✔ periodic reconciliation and shutdown preserve pending work (0.8214ms)
✔ batch plans real managed MOCs with stable digests, no-ops and adoption protection (16.0586ms)
✔ startup failure never advertises write readiness (0.6362ms)
✔ corrupt durable intent blocks startup without overwriting evidence (0.893ms)
✔ concurrent admission coalesces into bounded durable batches (84.906ms)
✔ coordinator requires complete validated limits and detaches caller configuration (1.2184ms)
✔ deterministic extraction ignores fenced examples, inline code, comments and frontmatter (3.8401ms)
✔ Navigation Effects is separately versioned and default capability discovery is fail-closed (1.2877ms)
✔ effect capability dependencies are reported independently and deletion remains disabled (0.2444ms)
✔ Navigation 1.0 capability truth remains unchanged (0.1429ms)
✔ framework-neutral effects source has no filesystem dependency or Node executor primitive (7.3753ms)
✔ contract pack is integration-only, effects-separated, and mechanically complete (106.2786ms)
✔ all required adversarial fixtures are registered and remain effect-free (11.2412ms)
✔ security and lineage fixtures encode fail-closed outcomes without content disclosure (2.3097ms)
✔ package export and build products include Navigation Effects without changing release metadata (1.5598ms)
✔ host creates, advances ownership, archives replacements and restarts as a no-op (531.2387ms)
✔ host recovers an effect committed before ownership metadata persisted (230.837ms)
✔ host refuses external edits and current authority revocation (188.3369ms)
✔ host state tampering blocks startup and preserves evidence (127.6819ms)
✔ runtime observes file edits and closes resources within shutdown budget (1028.9121ms)
✔ host preserves human bytes through successive region-managed updates (204.352ms)
✔ missing ownership state alongside an existing effect journal fails closed (123.4898ms)
✔ periodic and startup reconciliation repair changes with no delivered event (382.7274ms)
✔ cross-folder rename reconciles both scopes and leaves an unrelated MOC untouched (381.2543ms)
✔ shutdown waits for an active commit and preserves newer admitted work for restart (325.1189ms)
✔ failed graph publication replays the same committed effect before ownership advancement (184.9131ms)
✔ Node executor requires an explicit cooperative-vault path threat model (10.573ms)
✔ Node executor journals, archives exact bytes, atomically replaces, verifies, receipts, and replays idempotently (150.052ms)
✔ fresh executor performs a safe startup preflight before normal first use (95.0146ms)
✔ precondition mismatch is stale and never overwrites external bytes (46.7417ms)
✔ stale receipts are journal-sealed and tampering blocks replay and startup (76.4024ms)
✔ executor requires a current host precondition provider (17.2437ms)
✔ vault lease excludes a second writer (17.3761ms)
✔ a verifiably dead same-host lease is quarantined with a cleanup receipt (21.587ms)
✔ an external edit immediately before replace wins and the prepared image is not applied (118.271ms)
✔ multi-file execution uses deterministic target lock order (168.5589ms)
✔ concurrent execute calls serialize shared archive updates without losing effects (181.3999ms)
✔ sequential shared-run commits retain immutable per-effect receipt bindings (193.6601ms)
✔ startup recovery accepts successive committed effects on the same target (231.7727ms)
✔ startup recovery completes an interrupted successor without treating its predecessor as corrupt (160.0169ms)
▶ terminal successor attempts cannot mask corruption of the committed target head
  ✔ stale (111.1888ms)
  ✔ aborted (137.2668ms)
✔ terminal successor attempts cannot mask corruption of the committed target head (249.0121ms)
✔ concurrent executeMany batches share one queue and merge a common archive (156.5007ms)
✔ startup recovery is serialized behind an in-flight execution (77.9722ms)
✔ rollback is a separately authorized, preconditioned, archived effect (166.4223ms)
▶ startup recovery classifies every injected transition without silent overwrite
  ✔ after-received (42.5025ms)
  ✔ after-planned (41.0528ms)
  ✔ after-prepared (45.9358ms)
  ✔ after-archive (68.8749ms)
  ✔ after-temporary-write (89.3992ms)
  ✔ after-replace (94.5195ms)
  ✔ after-verified (92.7387ms)
  ✔ after-receipt (107.7818ms)
✔ startup recovery classifies every injected transition without silent overwrite (584.0123ms)
▶ hard process termination at every transition recovers without losing the before-image
  ✔ after-received (138.1453ms)
  ✔ after-planned (141.6123ms)
  ✔ after-prepared (141.848ms)
  ✔ after-archive (176.3087ms)
  ✔ after-temporary-write (165.6609ms)
  ✔ after-replace (175.7681ms)
  ✔ after-verified (173.0428ms)
  ✔ after-receipt (195.1436ms)
✔ hard process termination at every transition recovers without losing the before-image (1308.8688ms)
▶ filesystem fault injection preserves recoverable intent and never silently overwrites
  ✔ archive (52.967ms)
  ✔ temporary-write (70.3948ms)
  ✔ replace (100.6109ms)
  ✔ verify (102.3999ms)
  ✔ receipt (123.6796ms)
✔ filesystem fault injection preserves recoverable intent and never silently overwrites (450.8672ms)
✔ tampered recovery-required receipt blocks recovery without being overwritten (38.146ms)
✔ tampered post-write pre-commit receipt blocks recovery without being overwritten (78.1359ms)
✔ recovery conflict is sealed stale, disables writes, and reopens validly (66.9888ms)
✔ successful explicit recovery re-enables a fresh executor after a failed startup preflight (135.1235ms)
✔ retry retains immutable receipt bytes for every sealed journal terminal (126.822ms)
✔ stale-after-archive validates archive evidence before enabling writes (59.5182ms)
✔ executor rejects noncanonical colliding effect IDs before durable I/O (3.2439ms)
✔ journal corruption blocks startup recovery (7.2771ms)
▶ archive or checkpoint corruption blocks write-plane startup
  ✔ archive manifest (76.9016ms)
  ✔ checkpoint binding (8.0422ms)
  ✔ primary receipt (68.9013ms)
  ✔ archive receipt copy (78.8077ms)
  ✔ immutable effect binding (108.9643ms)
  ✔ archive after image (75.3753ms)
  ✔ archive diff (72.8406ms)
  ✔ archive result (76.0982ms)
  ✔ manifest security binding (78.426ms)
  ✔ unowned manifest binding (70.1269ms)
  ✔ committed target (79.1867ms)
✔ archive or checkpoint corruption blocks write-plane startup (795.1836ms)
✔ graceful shutdown durably checkpoints before refusing new work (13.8238ms)
✔ symlink or junction targets fail closed when the platform permits creating one (35.5762ms)
✔ path/grant scale fixture records 100 validations without a latency claim (4.8889ms)
ℹ {"fixture":"agent-path-validation","size":100,"elapsedMs":3.626,"unsupportedPerformanceClaim":false}
✔ path/grant scale fixture records 2,000 validations without a latency claim (25.8258ms)
ℹ {"fixture":"agent-path-validation","size":2000,"elapsedMs":25.523,"unsupportedPerformanceClaim":false}
✔ path/grant scale fixture records 10,000 validations without a latency claim (92.873ms)
ℹ {"fixture":"agent-path-validation","size":10000,"elapsedMs":92.507,"unsupportedPerformanceClaim":false}
✔ path/grant scale fixture records 50,000 validations without a latency claim (263.4446ms)
ℹ {"fixture":"agent-path-validation","size":50000,"elapsedMs":263.181,"unsupportedPerformanceClaim":false}
✔ region parser and renderer are exact and reject malformed nesting (10.0666ms)
✔ region merge preserves surrounding human bytes exactly (1.5049ms)
✔ same managed MOC inputs produce identical plans and proposed bytes (7.6698ms)
✔ planner fails closed for unmanaged, stale adoption, moved markers, and policy mismatch (1.6906ms)
✔ fully managed create requires explicit creation authorization (1.3169ms)
✔ path and agent grant validation rejects traversal, absolute, device, expiry, and collisions (1.3748ms)
✔ archive paths are canonical and unsafe run IDs are rejected (0.8363ms)
✔ in-memory adapter is deterministic and injects bounded faults (2.3548ms)
✔ importing Navigation and Effects surfaces creates no files or runtime authority (123.3501ms)
✔ archive-ignore excludes exactly _archive/moc-runs/** across separators (3.1508ms)
✔ canonical five are exact; case anomalies and old heuristic names are flags, not aliases (11.6367ms)
✔ classification and management always carry deterministic reason evidence (1.4302ms)
✔ promoted names have canonical downstream parity and promotion is versioned/receipted (5.9132ms)
✔ candidate bytes are SHA-256-bound and independent of run metadata (4.1852ms)
✔ dual diff preserves stable-ID moves and labels exact-content moves as observations (2.3768ms)
✔ artifact diff reason-codes policy/config/managed/human/order changes (2.3214ms)
✔ context pack excludes Navigation archives before aggregation, fails closed, obeys budget, and cannot claim Layer 6 (2.4957ms)
✔ projection gate rejects discoverable duplicate identities deterministically without denied metadata (1.6905ms)
✔ projection gate evaluates all blocking severities and keeps safe warnings projectable (2.2652ms)
✔ policy exceptions suppress sources and adapters cannot rewrite authored sensitivity (1.0719ms)
✔ denied duplicates and archived duplicates are silent; valid path identity succeeds (1.0317ms)
✔ audit detects stale/digest/config/archive/manifest/context and discoverability failures deterministically (18.4911ms)
✔ re-entry always plans a distinct L1 source, preserves predecessor, and never infers supersession (1.6375ms)
✔ bounded delegation is attenuated, expiring, exact-scope, receipted, and review-queued (2.3427ms)
✔ checker API is escalation-only; major and indeterminate cannot become routine (0.4953ms)
✔ overdue review freezes only the affected grant; exception is bounded and durably receipted (0.4214ms)
✔ retention hold evaluation is fail-closed and never deletes (0.164ms)
✔ GkxIndex.applyChanges is the sole incremental change-detection call (12.0532ms)
✔ capability advertisement truthfully exposes every effect boundary (0.4747ms)
✔ canonical GKX API is available from the engine and package subpaths (1.1555ms)
✔ downstream adapter is immutable, policy-bound, and product-neutral (15.5988ms)
ℹ tests 160
ℹ suites 0
ℹ pass 160
ℹ fail 0
ℹ cancelled 0
ℹ skipped 0
ℹ todo 0
ℹ duration_ms 6027.0269
