
> gkos-engine@2.2.0 build
> node scripts/build.mjs

built dist/gkos-engine.mjs
built dist/adapter.mjs
built dist/gkx.mjs
built dist/graphiti-adapter.mjs
built dist/navigation.mjs
built dist/service.mjs
built dist/navigation-effects.mjs
built dist/governance.mjs
built dist/admission-policy.mjs
built dist/service-node.mjs
built dist/service-stdio.mjs
built dist/retrieval.mjs
built dist/retrieval-host.mjs
built dist/retrieval-path-security.mjs
built dist/retrieval-evaluation-host.mjs
built dist/ingest-host.mjs
built dist/ingest-source-scan.mjs
built dist/watcher-contracts.mjs
built dist/watcher-host.mjs
built dist/gkos-desktop-agent.mjs
built dist/gkos-desktop-agent.cjs
built dist/navigation-effects-node.mjs
built dist/*.d.ts
