(node:38716) ExperimentalWarning: SQLite is an experimental feature and might change at any time
(Use `node --trace-warnings ...` to show where the warning was created)
TAP version 13
# Subtest: outer missing pointer refuses restart without canonical promotion
ok 1 - outer missing pointer refuses restart without canonical promotion
  ---
  duration_ms: 1418.9971
  type: 'test'
  ...
# Subtest: outer corrupt pointer refuses restart without canonical promotion
ok 2 - outer corrupt pointer refuses restart without canonical promotion
  ---
  duration_ms: 979.5373
  type: 'test'
  ...
# Subtest: journal missing pointer refuses restart without canonical promotion
ok 3 - journal missing pointer refuses restart without canonical promotion
  ---
  duration_ms: 1116.8129
  type: 'test'
  ...
# Subtest: journal corrupt pointer refuses restart without canonical promotion
ok 4 - journal corrupt pointer refuses restart without canonical promotion
  ---
  duration_ms: 986.4546
  type: 'test'
  ...
1..4
# tests 4
# suites 0
# pass 4
# fail 0
# cancelled 0
# skipped 0
# todo 0
# duration_ms 4506.2851
