current-runtime (windows-latest, 26)	Current runtime qualification (source inventory and executed tests)	﻿2026-09-08T17:00:58.1860272Z ##[group]Run node scripts/runtime-qualification.mjs --output "$RUNNER_TEMP/current-runtime-receipt"
current-runtime (windows-latest, 26)	Current runtime qualification (source inventory and executed tests)	2026-09-08T17:00:58.1861659Z ^[[36;1mnode scripts/runtime-qualification.mjs --output "$RUNNER_TEMP/current-runtime-receipt"^[[0m
current-runtime (windows-latest, 26)	Current runtime qualification (source inventory and executed tests)	2026-09-08T17:00:58.1878631Z shell: C:\Program Files\Git\bin\bash.EXE --noprofile --norc -e -o pipefail {0}
current-runtime (windows-latest, 26)	Current runtime qualification (source inventory and executed tests)	2026-09-08T17:00:58.1879151Z env:
current-runtime (windows-latest, 26)	Current runtime qualification (source inventory and executed tests)	2026-09-08T17:00:58.1879457Z   GIT_CONFIG_COUNT: 1
current-runtime (windows-latest, 26)	Current runtime qualification (source inventory and executed tests)	2026-09-08T17:00:58.1879796Z   GIT_CONFIG_KEY_0: core.autocrlf
current-runtime (windows-latest, 26)	Current runtime qualification (source inventory and executed tests)	2026-09-08T17:00:58.1880220Z   GIT_CONFIG_VALUE_0: false
current-runtime (windows-latest, 26)	Current runtime qualification (source inventory and executed tests)	2026-09-08T17:00:58.1880577Z ##[endgroup]
current-runtime (windows-latest, 26)	Current runtime qualification (source inventory and executed tests)	2026-09-08T17:25:32.6087586Z {"status":"FAIL","commands":[{"executable":"C:\\hostedtoolcache\\windows\\node\\26.8.1\\x64\\node.exe","args":["scripts/build.mjs"],"exit_code":0,"duration_ms":5858.807500000001,"log":"current-runtime-0.log","log_sha256":"380790783a0d7fab9129ffc20f41474a537920886874e47db1ca596850cf25a1"},{"executable":"C:\\hostedtoolcache\\windows\\node\\26.8.1\\x64\\node.exe","args":["scripts/run-current-tests.mjs"],"exit_code":1,"duration_ms":1466649.6692000001,"log":"current-runtime-1.log","log_sha256":"08f650b6e6033dd971f9cf82cddcdd91de9b687112ad967b254ae701ab22d30f","counts":{"tests":1090,"pass":1089,"fail":1,"cancelled":0,"skipped":0,"todo":0}}]}
current-runtime (windows-latest, 26)	Current runtime qualification (source inventory and executed tests)	2026-09-08T17:25:32.6366164Z ##[error]Process completed with exit code 1.
current-runtime (windows-latest, 22)	Current runtime qualification (source inventory and executed tests)	﻿2026-09-08T17:00:39.5967952Z ##[group]Run node scripts/runtime-qualification.mjs --output "$RUNNER_TEMP/current-runtime-receipt"
current-runtime (windows-latest, 22)	Current runtime qualification (source inventory and executed tests)	2026-09-08T17:00:39.5968820Z ^[[36;1mnode scripts/runtime-qualification.mjs --output "$RUNNER_TEMP/current-runtime-receipt"^[[0m
current-runtime (windows-latest, 22)	Current runtime qualification (source inventory and executed tests)	2026-09-08T17:00:39.5990052Z shell: C:\Program Files\Git\bin\bash.EXE --noprofile --norc -e -o pipefail {0}
current-runtime (windows-latest, 22)	Current runtime qualification (source inventory and executed tests)	2026-09-08T17:00:39.5990463Z env:
current-runtime (windows-latest, 22)	Current runtime qualification (source inventory and executed tests)	2026-09-08T17:00:39.5990630Z   GIT_CONFIG_COUNT: 1
current-runtime (windows-latest, 22)	Current runtime qualification (source inventory and executed tests)	2026-09-08T17:00:39.5990840Z   GIT_CONFIG_KEY_0: core.autocrlf
current-runtime (windows-latest, 22)	Current runtime qualification (source inventory and executed tests)	2026-09-08T17:00:39.5991086Z   GIT_CONFIG_VALUE_0: false
current-runtime (windows-latest, 22)	Current runtime qualification (source inventory and executed tests)	2026-09-08T17:00:39.5991296Z ##[endgroup]
current-runtime (windows-latest, 22)	Current runtime qualification (source inventory and executed tests)	2026-09-08T17:30:49.6378588Z {"status":"FAIL","commands":[{"executable":"C:\\hostedtoolcache\\windows\\node\\22.23.2\\x64\\node.exe","args":["scripts/build.mjs"],"exit_code":0,"duration_ms":7888.125899999999,"log":"current-runtime-0.log","log_sha256":"380790783a0d7fab9129ffc20f41474a537920886874e47db1ca596850cf25a1"},{"executable":"C:\\hostedtoolcache\\windows\\node\\22.23.2\\x64\\node.exe","args":["scripts/run-current-tests.mjs"],"exit_code":null,"duration_ms":1800019.0479000001,"log":"current-runtime-1.log","log_sha256":"9d40605595f296069e082a9fbd4d10cbd5e1f292bdd59f87b88848a9b8963839"}]}
current-runtime (windows-latest, 22)	Current runtime qualification (source inventory and executed tests)	2026-09-08T17:30:49.6545659Z ##[error]Process completed with exit code 1.
