✔ actual runtime text capability either validates Unicode17 or refuses closed without skips (12.7734ms)
ℹ {"node":"24.18.0","unicode":"17.0","text_expectation":"Unicode17 validation"}
✔ actual runtime refuses decomposed text and malformed text without normalization repair (2.0785ms)
✔ isolated capability loss refuses encode decode digest and map text while numeric values remain usable (1069.0437ms)
✔ numeric integer values keep shortest heads bigint type and unsigned64 bounds on any runtime (1.8107ms)
✔ numeric float values retain float type shortest exact width and prohibited-value refusal on any runtime (1.605ms)
✔ nontext assembly and digest remain canonical without any Unicode requirement (112.1302ms)
✔ private codec stays private alongside the explicit host artifact subpath and legacy JSON (32.0973ms)
✔ five adopted artifact roles have exact CBOR identity and complete readable packets (181.7211ms)
✔ context exists before proposal and exact reviewed bytes survive action-time and revocation changes (67.2082ms)
✔ actual context selector and proposing actor retain distinct identities and classes (22.1592ms)
✔ V2 refuses canonical artifact substitution, private JSON alternate path, unimplemented required recovery and stale escalation (188.9678ms)
✔ V2 product readiness holds retain refusal evidence without fabricating supersession diagnostics (70.7719ms)
✔ generic control failures remain restrictive product evidence without claiming supersession applicability (202.9951ms)
✔ N19 malformed wire variants fail canonical gates before establishing an artifact (395.0706ms)
✔ N19 schema integers, declared sets, timestamps, null/absent fields, hashes and full rendering are enforced (70.4763ms)
✔ opaque captured source bytes preserve non-NFC and CRLF, without silently repairing surrogate evidence (153.3562ms)
✔ mandatory retention evidence, conflicts, expiry and authorized disposition fail closed (17.7764ms)
✔ context captures exact source bytes, deterministic corpus order and ordered selection closure (19.3933ms)
✔ admission binds authoritative roles, state, exact context, time, review and typed scope before effects (239.3319ms)
✔ authorized correction creates fresh evidence and requires fresh review and authority (23.7759ms)
✔ canonical evidence retains hostile JSON keys (2.8855ms)
✔ governance adapter serializes concurrent append and rejects duplicate record identities (18.1783ms)
