✔ actual runtime text capability either validates Unicode17 or refuses closed without skips (7.3099ms)
ℹ {"node":"24.18.0","unicode":"17.0","text_expectation":"Unicode17 validation"}
✔ actual runtime refuses decomposed text and malformed text without normalization repair (2.3203ms)
✔ isolated capability loss refuses encode decode digest and map text while numeric values remain usable (3175.5871ms)
✔ numeric integer values keep shortest heads bigint type and unsigned64 bounds on any runtime (1.4036ms)
✔ numeric float values retain float type shortest exact width and prohibited-value refusal on any runtime (65.7887ms)
✔ nontext assembly and digest remain canonical without any Unicode requirement (9.5429ms)
✔ private codec stays private alongside the explicit host artifact subpath and legacy JSON (82.9889ms)
✔ five adopted artifact roles have exact CBOR identity and complete readable packets (184.9587ms)
✔ context exists before proposal and exact reviewed bytes survive action-time and revocation changes (46.8846ms)
✔ actual context selector and proposing actor retain distinct identities and classes (21.7847ms)
✔ V2 refuses canonical artifact substitution, private JSON alternate path, unimplemented required recovery and stale escalation (218.4781ms)
✔ V2 product readiness holds retain refusal evidence without fabricating supersession diagnostics (22.5078ms)
✔ generic control failures remain restrictive product evidence without claiming supersession applicability (37.4785ms)
✔ N19 malformed wire variants fail canonical gates before establishing an artifact (102.048ms)
✔ N19 schema integers, declared sets, timestamps, null/absent fields, hashes and full rendering are enforced (48.5378ms)
✔ opaque captured source bytes preserve non-NFC and CRLF, without silently repairing surrogate evidence (7.5521ms)
✔ mandatory retention evidence, conflicts, expiry and authorized disposition fail closed (31.7181ms)
✔ context captures exact source bytes, deterministic corpus order and ordered selection closure (10.3225ms)
✔ admission binds authoritative roles, state, exact context, time, review and typed scope before effects (66.1966ms)
✔ authorized correction creates fresh evidence and requires fresh review and authority (5.5774ms)
✔ canonical evidence retains hostile JSON keys (1.0248ms)
✔ governance adapter serializes concurrent append and rejects duplicate record identities (9.8039ms)
