✔ generator check and exact manifest closure (5105.370902ms)
✔ all schemas compile strictly and product instances validate (1025.921295ms)
✔ conformance rejects wrong partitions, duplicate coordinates, and incomplete absence records (35931.676268ms)
✔ every abstract durable row is complete and validates against its exact product-row schema (631.053873ms)
✔ event mutation is append-only and advances the product event chain, committed head, and anchor atomically (133.751188ms)
✔ each RETENTION vector proves its distinct V5 qualification, policy, sweep, deletion, batch, crash, and restore semantics (111.045269ms)
✔ operation, schema-ref, tool, error and vector inventories are exact (67.140785ms)
✔ every canonical fixture request validates against its declared exact operation schema (198.540415ms)
✔ request and activity rows bind exact request bytes and complete-success result bytes (257.457203ms)
✔ Q21 and Q22 fixture embodiment has exact closed shape, lineage, aliases and counts (191.872701ms)
✔ fixture wire bytes and every exposed digest are independently reproducible (648.20529ms)
✔ every exposed fixture-domain derivation uses an authorized V15 tag and its exact unprefixed preimage (1272.563311ms)
✔ declared mutation sets are canonical and equal the actual durable and physical diff (309.184517ms)
✔ global-event and observed-sink cross-products are exact (99.58137ms)
✔ redaction schema negatives have no response and serializer/sink cases stay closed and unique (119.27964ms)
✔ all RESTORE cases carry exact recovery, publication, invalidation, and physical disposition evidence (179.229887ms)
✔ Q17, Q18, mapping.add and restart-stale cursor semantics are exact (130.542864ms)
✔ session auth-epoch admission and closed-session reuse fail before durable request creation (100.487727ms)
✔ cursor continuations are non-null, REQUEST cases are durable, and RSR prestates remain distinct (138.749652ms)
✔ credential and entropy oracles implement the exact RATE, GLOBAL-EVENT, and COLLISION programs (108.875053ms)
✔ all seven credential-auth non-enumeration cases charge only the exact auth-failure buckets (104.321763ms)
✔ all nine BACKUP leaves bind verification, protected manifest, temporary deletion, publication, and replay semantics (118.908601ms)
✔ all 22 credential issue/rotate leaves bind product credentials, receipts, handoff dispositions, replay, sessions, and stale work (130.980464ms)
✔ all 20 non-Q18 RACE leaves prove their distinct final-gate, competing mutation, crash cut, wire, and product-row effects (244.600915ms)
✔ all 39 BOOTSTRAP leaves use the ratified product-state vocabulary and prove distinct source, plan, handoff, publication, and recovery semantics (138.412452ms)
✔ all seven TIMESTAMP leaves validate distinct exact inputs at the schema, range, or Gregorian stage (97.499562ms)
✔ all 37 ACTIVITY metadata leaves bind the exact metadata value, key count, byte count, and persistence outcome (138.504253ms)
✔ all 18 policy/dependency/transport leaves prove their exact reasons, ordered decisions, traces, boundary, and persistence (111.451588ms)
✔ collision candidates bind an existing owning product row and never commit (115.044804ms)
✔ Q23 rational accumulator is integer exact and restart preserving (112.992865ms)
✔ canonical identifiers, cursors, bootstrap and secret results fail closed (96.146498ms)
✔ two fresh roots, execution-backed receipts, and deterministic tar are valid (47838.842543ms)
✔ diff is all-and-only allowed and protected paths are byte-identical (46.391414ms)
✔ generated and qualification inputs contain no secret material (78.582065ms)
✔ hosted workflow freezes all-and-only 11 jobs and artifacts (9.840726ms)
ℹ tests 35
ℹ suites 0
ℹ pass 35
ℹ fail 0
ℹ cancelled 0
ℹ skipped 0
ℹ todo 0
ℹ duration_ms 96298.710162
