✔ generator check and exact manifest closure (4907.660285ms)
✔ all schemas compile strictly and product instances validate (1011.976553ms)
✔ conformance rejects wrong partitions, duplicate coordinates, and incomplete absence records (31839.658353ms)
✔ every abstract durable row is complete and validates against its exact product-row schema (624.210019ms)
✔ event mutation is append-only and advances the product event chain, committed head, and anchor atomically (112.955613ms)
✔ each RETENTION vector proves its distinct V5 qualification, policy, sweep, deletion, batch, crash, and restore semantics (111.366848ms)
✔ operation, schema-ref, tool, error and vector inventories are exact (79.106836ms)
✔ every canonical fixture request validates against its declared exact operation schema (201.841215ms)
✔ request and activity rows bind exact request bytes and complete-success result bytes (252.131235ms)
✔ Q21 and Q22 fixture embodiment has exact closed shape, lineage, aliases and counts (180.963862ms)
✔ fixture wire bytes and every exposed digest are independently reproducible (680.145226ms)
✔ every exposed fixture-domain derivation uses an authorized V15 tag and its exact unprefixed preimage (1306.767998ms)
✔ declared mutation sets are canonical and equal the actual durable and physical diff (303.200918ms)
✔ global-event and observed-sink cross-products are exact (107.96547ms)
✔ redaction schema negatives have no response and serializer/sink cases stay closed and unique (118.73056ms)
✔ all RESTORE cases carry exact recovery, publication, invalidation, and physical disposition evidence (167.422348ms)
✔ Q17, Q18, mapping.add and restart-stale cursor semantics are exact (116.676365ms)
✔ session auth-epoch admission and closed-session reuse fail before durable request creation (96.662832ms)
✔ cursor continuations are non-null, REQUEST cases are durable, and RSR prestates remain distinct (108.308658ms)
✔ credential and entropy oracles implement the exact RATE, GLOBAL-EVENT, and COLLISION programs (93.806988ms)
✔ all seven credential-auth non-enumeration cases charge only the exact auth-failure buckets (95.648663ms)
✔ all nine BACKUP leaves bind verification, protected manifest, temporary deletion, publication, and replay semantics (98.351769ms)
✔ all 22 credential issue/rotate leaves bind product credentials, receipts, handoff dispositions, replay, sessions, and stale work (103.344152ms)
✔ all 20 non-Q18 RACE leaves prove their distinct final-gate, competing mutation, crash cut, wire, and product-row effects (237.007059ms)
✔ all 39 BOOTSTRAP leaves use the ratified product-state vocabulary and prove distinct source, plan, handoff, publication, and recovery semantics (128.877542ms)
✔ all seven TIMESTAMP leaves validate distinct exact inputs at the schema, range, or Gregorian stage (98.010161ms)
✔ all 37 ACTIVITY metadata leaves bind the exact metadata value, key count, byte count, and persistence outcome (116.711996ms)
✔ all 18 policy/dependency/transport leaves prove their exact reasons, ordered decisions, traces, boundary, and persistence (102.560433ms)
✔ collision candidates bind an existing owning product row and never commit (118.661259ms)
✔ Q23 rational accumulator is integer exact and restart preserving (102.573772ms)
✔ canonical identifiers, cursors, bootstrap and secret results fail closed (84.196697ms)
✔ two fresh roots, execution-backed receipts, and deterministic tar are valid (49103.594822ms)
✔ diff is all-and-only allowed and protected paths are byte-identical (50.528924ms)
✔ generated and qualification inputs contain no secret material (84.669848ms)
✔ hosted workflow freezes all-and-only 11 jobs and artifacts (3.792839ms)
ℹ tests 35
ℹ suites 0
ℹ pass 35
ℹ fail 0
ℹ cancelled 0
ℹ skipped 0
ℹ todo 0
ℹ duration_ms 93149.592877
