✔ generator check and exact manifest closure (5203.728041ms)
✔ all schemas compile strictly and product instances validate (808.303917ms)
✔ conformance rejects wrong partitions, duplicate coordinates, and incomplete absence records (45166.887834ms)
✔ every abstract durable row is complete and validates against its exact product-row schema (728.058667ms)
✔ event mutation is append-only and advances the product event chain, committed head, and anchor atomically (168.953417ms)
✔ each RETENTION vector proves its distinct V5 qualification, policy, sweep, deletion, batch, crash, and restore semantics (147.618083ms)
✔ operation, schema-ref, tool, error and vector inventories are exact (77.919625ms)
✔ every canonical fixture request validates against its declared exact operation schema (238.247ms)
✔ request and activity rows bind exact request bytes and complete-success result bytes (316.171375ms)
✔ Q21 and Q22 fixture embodiment has exact closed shape, lineage, aliases and counts (211.423542ms)
✔ fixture wire bytes and every exposed digest are independently reproducible (830.212334ms)
✔ every exposed fixture-domain derivation uses an authorized V15 tag and its exact unprefixed preimage (1376.35225ms)
✔ declared mutation sets are canonical and equal the actual durable and physical diff (313.379ms)
✔ global-event and observed-sink cross-products are exact (120.479417ms)
✔ redaction schema negatives have no response and serializer/sink cases stay closed and unique (159.751208ms)
✔ all RESTORE cases carry exact recovery, publication, invalidation, and physical disposition evidence (193.524416ms)
✔ Q17, Q18, mapping.add and restart-stale cursor semantics are exact (123.447ms)
✔ session auth-epoch admission and closed-session reuse fail before durable request creation (117.432667ms)
✔ cursor continuations are non-null, REQUEST cases are durable, and RSR prestates remain distinct (115.282833ms)
✔ credential and entropy oracles implement the exact RATE, GLOBAL-EVENT, and COLLISION programs (85.45075ms)
✔ all seven credential-auth non-enumeration cases charge only the exact auth-failure buckets (82.674708ms)
✔ all nine BACKUP leaves bind verification, protected manifest, temporary deletion, publication, and replay semantics (107.890667ms)
✔ all 22 credential issue/rotate leaves bind product credentials, receipts, handoff dispositions, replay, sessions, and stale work (108.499ms)
✔ all 20 non-Q18 RACE leaves prove their distinct final-gate, competing mutation, crash cut, wire, and product-row effects (240.503875ms)
✔ all 39 BOOTSTRAP leaves use the ratified product-state vocabulary and prove distinct source, plan, handoff, publication, and recovery semantics (116.328916ms)
✔ all seven TIMESTAMP leaves validate distinct exact inputs at the schema, range, or Gregorian stage (82.184583ms)
✔ all 37 ACTIVITY metadata leaves bind the exact metadata value, key count, byte count, and persistence outcome (98.136875ms)
✔ all 18 policy/dependency/transport leaves prove their exact reasons, ordered decisions, traces, boundary, and persistence (101.885333ms)
✔ collision candidates bind an existing owning product row and never commit (100.315541ms)
✔ Q23 rational accumulator is integer exact and restart preserving (79.67ms)
✔ canonical identifiers, cursors, bootstrap and secret results fail closed (59.806458ms)
✔ two fresh roots, execution-backed receipts, and deterministic tar are valid (55126.802292ms)
✔ diff is all-and-only allowed and protected paths are byte-identical (153.079083ms)
✔ generated and qualification inputs contain no secret material (133.618083ms)
✔ hosted workflow freezes all-and-only 11 jobs and artifacts (6.812291ms)
ℹ tests 35
ℹ suites 0
ℹ pass 35
ℹ fail 0
ℹ cancelled 0
ℹ skipped 0
ℹ todo 0
ℹ duration_ms 113240.240208
