✔ generator check and exact manifest closure (8557.9249ms)
✔ all schemas compile strictly and product instances validate (1109.0145ms)
✔ conformance rejects wrong partitions, duplicate coordinates, and incomplete absence records (34073.5158ms)
✔ every abstract durable row is complete and validates against its exact product-row schema (760.6158ms)
✔ event mutation is append-only and advances the product event chain, committed head, and anchor atomically (138.7071ms)
✔ each RETENTION vector proves its distinct V5 qualification, policy, sweep, deletion, batch, crash, and restore semantics (145.3566ms)
✔ operation, schema-ref, tool, error and vector inventories are exact (85.6955ms)
✔ every canonical fixture request validates against its declared exact operation schema (259.5ms)
✔ request and activity rows bind exact request bytes and complete-success result bytes (288.0047ms)
✔ Q21 and Q22 fixture embodiment has exact closed shape, lineage, aliases and counts (238.9568ms)
✔ fixture wire bytes and every exposed digest are independently reproducible (807.3813ms)
✔ every exposed fixture-domain derivation uses an authorized V15 tag and its exact unprefixed preimage (1596.333ms)
✔ declared mutation sets are canonical and equal the actual durable and physical diff (380.1931ms)
✔ global-event and observed-sink cross-products are exact (120.5623ms)
✔ redaction schema negatives have no response and serializer/sink cases stay closed and unique (136.1008ms)
✔ all RESTORE cases carry exact recovery, publication, invalidation, and physical disposition evidence (230.5018ms)
✔ Q17, Q18, mapping.add and restart-stale cursor semantics are exact (147.5009ms)
✔ session auth-epoch admission and closed-session reuse fail before durable request creation (117.0737ms)
✔ cursor continuations are non-null, REQUEST cases are durable, and RSR prestates remain distinct (161.3629ms)
✔ credential and entropy oracles implement the exact RATE, GLOBAL-EVENT, and COLLISION programs (131.4516ms)
✔ all seven credential-auth non-enumeration cases charge only the exact auth-failure buckets (125.4089ms)
✔ all nine BACKUP leaves bind verification, protected manifest, temporary deletion, publication, and replay semantics (141.0417ms)
✔ all 22 credential issue/rotate leaves bind product credentials, receipts, handoff dispositions, replay, sessions, and stale work (156.8751ms)
✔ all 20 non-Q18 RACE leaves prove their distinct final-gate, competing mutation, crash cut, wire, and product-row effects (286.1908ms)
✔ all 39 BOOTSTRAP leaves use the ratified product-state vocabulary and prove distinct source, plan, handoff, publication, and recovery semantics (161.6064ms)
✔ all seven TIMESTAMP leaves validate distinct exact inputs at the schema, range, or Gregorian stage (126.7416ms)
✔ all 37 ACTIVITY metadata leaves bind the exact metadata value, key count, byte count, and persistence outcome (162.1861ms)
✔ all 18 policy/dependency/transport leaves prove their exact reasons, ordered decisions, traces, boundary, and persistence (128.2534ms)
✔ collision candidates bind an existing owning product row and never commit (133.4375ms)
✔ Q23 rational accumulator is integer exact and restart preserving (148.222ms)
✔ canonical identifiers, cursors, bootstrap and secret results fail closed (104.9885ms)
✔ two fresh roots, execution-backed receipts, and deterministic tar are valid (82783.8487ms)
✔ diff is all-and-only allowed and protected paths are byte-identical (47.9383ms)
✔ generated and qualification inputs contain no secret material (89.8082ms)
✔ hosted workflow freezes all-and-only 11 jobs and artifacts (4.9361ms)
ℹ tests 35
ℹ suites 0
ℹ pass 35
ℹ fail 0
ℹ cancelled 0
ℹ skipped 0
ℹ todo 0
ℹ duration_ms 134291.4865
